157.205.32.47 - - [23/Mar/1999:01:23:37 -0500] "GET /osg/cpu95/results/rfp95.html HTTP/1.0" 200 140235 "http://www.specbench.org/osg/cpu95/results/" "Mozilla/4.04 [en] (X11; I; SunOS 5.6 sun4m)"
62.156.57.79 - - [23/Mar/1999:01:23:49 -0500] "GET /gpc/opc.data/opc_nov98/ELSA/GLoria_XXL/cdrs/grabs.html HTTP/1.0" 200 1101 "http://www.specbench.org/gpc/opc.data/opc_nov98/ELSA/GLoria_XXL/cdrs/viewperf.html" "OmniWeb/3.0-beta-8b OmniAppKit/1998G HTTPS/1.04a OmniNetworking/1998G OIF/1998G OWF/1998G OmniBase/1998G OmniFoundation/1998G OmniHTML/1998G"
62.156.57.79 - - [23/Mar/1999:01:23:52 -0500] "GET /gpc/opc.data/opc_nov98/ELSA/GLoria_XXL/cdrs/cdrs1.png HTTP/1.0" 200 8189 "http://www.specbench.org/gpc/opc.data/opc_nov98/ELSA/GLoria_XXL/cdrs/grabs.html" "OmniWeb/3.0-beta-8b OmniAppKit/1998G HTTPS/1.04a OmniNetworking/1998G OIF/1998G OWF/1998G OmniBase/1998G OmniFoundation/1998G OmniHTML/1998G"
62.156.57.79 - - [23/Mar/1999:01:23:52 -0500] "GET /gpc/opc.data/opc_nov98/ELSA/GLoria_XXL/cdrs/cdrs3.png HTTP/1.0" 200 3535 "http://www.specbench.org/gpc/opc.data/opc_nov98/ELSA/GLoria_XXL/cdrs/grabs.html" "OmniWeb/3.0-beta-8b OmniAppKit/1998G HTTPS/1.04a OmniNetworking/1998G OIF/1998G OWF/1998G OmniBase/1998G OmniFoundation/1998G OmniHTML/1998G"
62.156.57.79 - - [23/Mar/1999:01:23:52 -0500] "GET /gpc/opc.data/opc_nov98/ELSA/GLoria_XXL/cdrs/cdrs4.png HTTP/1.0" 200 10091 "http://www.specbench.org/gpc/opc.data/opc_nov98/ELSA/GLoria_XXL/cdrs/grabs.html" "OmniWeb/3.0-beta-8b OmniAppKit/1998G HTTPS/1.04a OmniNetworking/1998G OIF/1998G OWF/1998G OmniBase/1998G OmniFoundation/1998G OmniHTML/1998G"
62.156.57.79 - - [23/Mar/1999:01:23:52 -0500] "GET /gpc/opc.data/opc_nov98/ELSA/GLoria_XXL/cdrs/cdrs6.png HTTP/1.0" 200 4668 "http://www.specbench.org/gpc/opc.data/opc_nov98/ELSA/GLoria_XXL/cdrs/grabs.html" "OmniWeb/3.0-beta-8b OmniAppKit/1998G HTTPS/1.04a OmniNetworking/1998G OIF/1998G OWF/1998G OmniBase/1998G OmniFoundation/1998G OmniHTML/1998G"
62.156.57.79 - - [23/Mar/1999:01:23:52 -0500] "GET /gpc/opc.data/opc_nov98/ELSA/GLoria_XXL/cdrs/cdrs2.png HTTP/1.0" 200 3332 "http://www.specbench.org/gpc/opc.data/opc_nov98/ELSA/GLoria_XXL/cdrs/grabs.html" "OmniWeb/3.0-beta-8b OmniAppKit/1998G HTTPS/1.04a OmniNetworking/1998G OIF/1998G OWF/1998G OmniBase/1998G OmniFoundation/1998G OmniHTML/1998G"
62.156.57.79 - - [23/Mar/1999:01:23:52 -0500] "GET /gpc/opc.data/opc_nov98/ELSA/GLoria_XXL/cdrs/cdrs7.png HTTP/1.0" 200 1761 "http://www.specbench.org/gpc/opc.data/opc_nov98/ELSA/GLoria_XXL/cdrs/grabs.html" "OmniWeb/3.0-beta-8b OmniAppKit/1998G HTTPS/1.04a OmniNetworking/1998G OIF/1998G OWF/1998G OmniBase/1998G OmniFoundation/1998G OmniHTML/1998G"
62.156.57.79 - - [23/Mar/1999:01:23:52 -0500] "GET /gpc/opc.data/opc_nov98/ELSA/GLoria_XXL/cdrs/cdrs5.png HTTP/1.0" 200 7072 "http://www.specbench.org/gpc/opc.data/opc_nov98/ELSA/GLoria_XXL/cdrs/grabs.html" "OmniWeb/3.0-beta-8b OmniAppKit/1998G HTTPS/1.04a OmniNetworking/1998G OIF/1998G OWF/1998G OmniBase/1998G OmniFoundation/1998G OmniHTML/1998G"
202.247.6.16 - - [23/Mar/1999:01:23:59 -0500] "GET /osg/cpu95/results/res98q1/cpu95-980128-02370.html HTTP/1.0" 200 5863 "http://www.specbench.org/osg/cpu95/results/cfp95.html" "Mozilla/4.0 (compatible; MSIE 4.01; Windows NT)"
133.145.224.6 - - [23/Mar/1999:01:24:04 -0500] "GET /osg/cpu95/results/rint95.html HTTP/1.0" 200 170389 "http://www.spec.org/osg/cpu95/results/" "Mozilla/4.0 (compatible; MSIE 4.01; Windows 95)"
204.123.9.123 - - [23/Mar/1999:01:24:16 -0500] "GET /osg/web96/results/res99q1/web96-990108-03235.html HTTP/1.0" 200 33581 "-" "Scooter/2.0 G.R.A.B. V1.1.0"
202.247.6.12 - - [23/Mar/1999:01:24:25 -0500] "GET /osg/cpu95/results/cfp95.html HTTP/1.0" 304 - "http://www.specbench.org/osg/cpu95/results/" "Mozilla/4.0 (compatible; MSIE 4.01; Windows NT)"
132.233.247.5 - - [23/Mar/1999:01:24:29 -0500] "GET /osg/web96/results/res99q1/ HTTP/1.0" 200 5647 "-" "Mozilla/3.01 (Win95; U)"
202.247.6.18 - - [23/Mar/1999:01:24:41 -0500] "GET /osg/cpu95/results/cint95.html HTTP/1.0" 200 128400 "http://www.specbench.org/osg/cpu95/results/" "Mozilla/4.0 (compatible; MSIE 4.01; Windows 95)"
210.61.164.2 - - [23/Mar/1999:01:24:44 -0500] "GET / HTTP/1.0" 200 7724 "-" "Mozilla/4.0 (compatible; MSIE 4.01; Windows NT)"
210.61.164.2 - - [23/Mar/1999:01:24:46 -0500] "GET /images/logo150.gif HTTP/1.0" 304 - "http://www.specbench.org/" "Mozilla/4.0 (compatible; MSIE 4.01; Windows NT)"
202.102.65.229 - - [23/Mar/1999:01:24:48 -0500] "GET /spec/disclaimer.html HTTP/1.0" 200 1396 "http://www.specbench.org/osg/web96/results/res98q4/" "Mozilla/4.0 (compatible; MSIE 4.01; Windows NT)"
210.61.164.2 - - [23/Mar/1999:01:24:50 -0500] "GET /osg/web96/ HTTP/1.0" 304 - "http://www.specbench.org/" "Mozilla/4.0 (compatible; MSIE 4.01; Windows NT)"
204.123.9.20 - - [23/Mar/1999:01:24:54 -0500] "GET /gpc/April97/xpc/xpc.terminal.html HTTP/1.0" 200 977 "-" "Scooter/2.0 G.R.A.B. V1.1.0"
202.247.6.22 - - [23/Mar/1999:01:24:56 -0500] "GET /osg/cpu95/results/res98q4/cpu95-981118-03173.html HTTP/1.0" 200 6487 "http://www.specbench.org/osg/cpu95/results/cfp95.html" "Mozilla/4.0 (compatible; MSIE 4.01; Windows NT)"
210.61.164.2 - - [23/Mar/1999:01:24:57 -0500] "GET /osg/web96/results/ HTTP/1.0" 304 - "http://www.specbench.org/osg/web96/" "Mozilla/4.0 (compatible; MSIE 4.01; Windows NT)"
210.61.164.2 - - [23/Mar/1999:01:24:59 -0500] "GET /cgi-bin/osgresults?conf=web96 HTTP/1.0" 200 4727 "http://www.specbench.org/osg/web96/results/" "Mozilla/4.0 (compatible; MSIE 4.01; Windows NT)"
210.61.164.2 - - [23/Mar/1999:01:25:08 -0500] "POST /cgi-bin/osgresults HTTP/1.0" 200 9376 "http://www.specbench.org/cgi-bin/osgresults?conf=web96" "Mozilla/4.0 (compatible; MSIE 4.01; Windows NT)"
202.247.6.4 - - [23/Mar/1999:01:25:21 -0500] "GET /osg/cpu95/results/ HTTP/1.0" 304 - "-" "Mozilla/4.0 (compatible; MSIE 4.01; Windows NT)"
163.44.224.33 - - [23/Mar/1999:01:25:26 -0500] "GET /results.html HTTP/1.0" 200 3839 "http://www.specbench.org/" "Mozilla/3.0 [ja] (Win95; I)"
202.247.6.13 - - [23/Mar/1999:01:25:28 -0500] "GET /cgi-bin/osgresults?conf=cpu95 HTTP/1.0" 200 4424 "http://www.specbench.org/osg/cpu95/results/" "Mozilla/4.0 (compatible; MSIE 4.01; Windows NT)"
216.192.23.99 - - [23/Mar/1999:01:25:33 -0500] "GET /robots.txt HTTP/1.1" 200 117 "-" "Mozilla/4.0 (compatible; MSIE 5.0; Windows 95)"
192.51.44.11 - - [23/Mar/1999:01:25:36 -0500] "GET / HTTP/1.0" 200 7724 "http://misono.lp.nm.fujitsu.co.jp/cvp/link.html" "Mozilla/4.51 [ja] (Win98; I)"
210.61.164.2 - - [23/Mar/1999:01:25:45 -0500] "GET /osg/web96/results/res97q3/web96-970728-02008.asc HTTP/1.0" 304 - "http://www.spec.org/cgi-bin/osgresults" "Mozilla/4.0 (compatible; MSIE 4.01; Windows NT)"
206.17.116.252 - - [23/Mar/1999:01:25:51 -0500] "GET /osg/cpu98/search.html HTTP/1.0" 404 215 "http://www.altavista.com/cgi-bin/query?pg=q&kl=XX&q=cpu+benchmark&search=Search" "Mozilla/3.04Gold (Win95; I)"
202.247.6.20 - - [23/Mar/1999:01:25:55 -0500] "POST /cgi-bin/osgresults HTTP/1.0" 200 56369 "http://www.specbench.org/cgi-bin/osgresults?conf=cpu95" "Mozilla/4.0 (compatible; MSIE 4.01; Windows NT)"
202.102.65.229 - - [23/Mar/1999:01:26:01 -0500] "GET /osg/web96/results/res98q3/ HTTP/1.0" 200 6574 "http://www.specbench.org/osg/web96/results/" "Mozilla/4.0 (compatible; MSIE 4.01; Windows NT)"
210.61.164.2 - - [23/Mar/1999:01:26:07 -0500] "GET /cgi-bin/osgresults?conf=web96 HTTP/1.0" 200 4727 "http://www.specbench.org/osg/web96/results/" "Mozilla/4.0 (compatible; MSIE 4.01; Windows NT)"
210.61.164.2 - - [23/Mar/1999:01:26:15 -0500] "POST /cgi-bin/osgresults HTTP/1.0" 200 3463 "http://www.specbench.org/cgi-bin/osgresults?conf=web96" "Mozilla/4.0 (compatible; MSIE 4.01; Windows NT)"
192.51.44.11 - - [23/Mar/1999:01:26:18 -0500] "GET /osg/ HTTP/1.0" 304 - "http://www.specbench.org/" "Mozilla/4.51 [ja] (Win98; I)"
208.243.236.11 - - [23/Mar/1999:01:26:26 -0500] "GET /osg/cpu95/results/res96q3/cpu95-960829-01203.html HTTP/1.0" 200 5383 "-" "Mozilla/4.0 (compatible; MSIE 4.01; Windows 95; IE401AS2)"
202.239.94.38 - - [23/Mar/1999:01:26:31 -0500] "GET /gpc/opc.data/opc_nov98/summary.html HTTP/1.0" 200 37026 "http://www.specbench.org/gpc/opc.static/opcview.html" "Mozilla/4.0 (compatible; MSIE 4.01; Windows 98)"
202.102.65.229 - - [23/Mar/1999:01:26:32 -0500] "GET /osg/web96/results/res98q2/ HTTP/1.0" 200 7066 "http://www.specbench.org/osg/web96/results/" "Mozilla/4.0 (compatible; MSIE 4.01; Windows NT)"
210.61.164.2 - - [23/Mar/1999:01:26:34 -0500] "POST /cgi-bin/osgresults HTTP/1.0" 200 9664 "http://www.specbench.org/cgi-bin/osgresults?conf=web96" "Mozilla/4.0 (compatible; MSIE 4.01; Windows NT)"
208.243.236.11 - - [23/Mar/1999:01:26:34 -0500] "GET / HTTP/1.0" 200 7724 "http://www.specbench.org/osg/cpu95/results/res96q3/cpu95-960829-01203.html" "Mozilla/4.0 (compatible; MSIE 4.01; Windows 95; IE401AS2)"
208.243.236.11 - - [23/Mar/1999:01:26:36 -0500] "GET /images/logo150.gif HTTP/1.0" 200 2355 "http://www.specbench.org/" "Mozilla/4.0 (compatible; MSIE 4.01; Windows 95; IE401AS2)"
209.185.141.226 - - [23/Mar/1999:01:26:39 -0500] "GET /robots.txt HTTP/1.0" 200 117 "-" "Slurp/2.0-Kite (slurp@inktomi.com; http://www.inktomi.com/slurp.html)"
207.225.103.246 - - [23/Mar/1999:01:26:44 -0500] "GET /gpc/xpc/xpc.terminal.summary.html HTTP/1.0" 404 227 "-" "Lynx/2.8.1rel.2 libwww-FM/2.14"
192.51.44.11 - - [23/Mar/1999:01:26:54 -0500] "GET /hpg/ HTTP/1.0" 304 - "http://www.specbench.org/" "Mozilla/4.51 [ja] (Win98; I)"
192.51.44.11 - - [23/Mar/1999:01:26:55 -0500] "GET /hpg/new-tiny.gif HTTP/1.0" 304 - "http://www.specbench.org/hpg/" "Mozilla/4.51 [ja] (Win98; I)"
210.61.164.2 - - [23/Mar/1999:01:27:00 -0500] "GET /cgi-bin/osgresults?conf=cint95 HTTP/1.0" 200 4397 "http://www.spec.org/cgi-bin/osgresults" "Mozilla/4.0 (compatible; MSIE 4.01; Windows NT)"
202.102.65.229 - - [23/Mar/1999:01:27:01 -0500] "GET /osg/web96/results/res98q1/ HTTP/1.0" 200 8159 "http://www.specbench.org/osg/web96/results/" "Mozilla/4.0 (compatible; MSIE 4.01; Windows NT)"
209.185.141.226 - - [23/Mar/1999:01:27:03 -0500] "GET / HTTP/1.0" 200 7724 "-" "Slurp/2.0-Kite (slurp@inktomi.com; http://www.inktomi.com/slurp.html)"
207.225.103.246 - - [23/Mar/1999:01:27:04 -0500] "GET /gpc/xpc/NCD/summary/terminal/NCDHMX.html HTTP/1.0" 404 234 "-" "Lynx/2.8.1rel.2 libwww-FM/2.14"
202.247.6.15 - - [23/Mar/1999:01:27:07 -0500] "GET /osg/cpu95/results/res98q1/cpu95-980128-02368.html HTTP/1.0" 200 6051 "http://www.spec.org/cgi-bin/osgresults" "Mozilla/4.0 (compatible; MSIE 4.01; Windows NT)"
210.61.164.2 - - [23/Mar/1999:01:27:12 -0500] "POST /cgi-bin/osgresults HTTP/1.0" 200 20860 "http://www.spec.org/cgi-bin/osgresults?conf=cint95" "Mozilla/4.0 (compatible; MSIE 4.01; Windows NT)"
192.51.44.11 - - [23/Mar/1999:01:27:12 -0500] "GET /events/ HTTP/1.0" 200 4355 "http://www.specbench.org/" "Mozilla/4.51 [ja] (Win98; I)"
208.243.236.11 - - [23/Mar/1999:01:27:19 -0500] "GET /osg/ HTTP/1.0" 200 6326 "http://www.specbench.org/" "Mozilla/4.0 (compatible; MSIE 4.01; Windows 95; IE401AS2)"
192.51.44.11 - - [23/Mar/1999:01:27:22 -0500] "GET /spec/ HTTP/1.0" 304 - "http://www.specbench.org/events/" "Mozilla/4.51 [ja] (Win98; I)"
208.243.236.11 - - [23/Mar/1999:01:27:38 -0500] "GET /osg/cpu95/ HTTP/1.0" 200 4543 "http://www.specbench.org/osg/" "Mozilla/4.0 (compatible; MSIE 4.01; Windows 95; IE401AS2)"
202.32.8.14 - - [23/Mar/1999:01:27:46 -0500] "GET /osg/cpu95/results/res98q1/cpu95-980128-02367.html HTTP/1.0" 200 6007 "http://www.spec.org/cgi-bin/osgresults" "Mozilla/4.0 (compatible; MSIE 4.01; Windows NT)"
202.102.65.229 - - [23/Mar/1999:01:27:47 -0500] "GET /cgi-bin/osgresults?conf=web96 HTTP/1.0" 200 4727 "http://www.specbench.org/osg/web96/results/" "Mozilla/4.0 (compatible; MSIE 4.01; Windows NT)"
192.51.44.11 - - [23/Mar/1999:01:27:50 -0500] "GET /permuted.html HTTP/1.0" 200 82065 "http://www.specbench.org/events/" "Mozilla/4.51 [ja] (Win98; I)"
202.247.6.11 - - [23/Mar/1999:01:27:52 -0500] "GET /osg/cpu95/results/res98q1/cpu95-980128-02370.html HTTP/1.0" 200 5863 "http://www.spec.org/cgi-bin/osgresults" "Mozilla/4.0 (compatible; MSIE 4.01; Windows NT)"
131.248.58.237 - - [23/Mar/1999:01:27:59 -0500] "HEAD /osg/sfs97/results/ HTTP/1.0" 200 0 "-" "Mozilla/4.51 (Macintosh; I; PPC)"
204.123.9.123 - - [23/Mar/1999:01:28:17 -0500] "GET /gpc/publish/publisher.html HTTP/1.0" 200 3279 "-" "Scooter/2.0 G.R.A.B. V1.1.0"
131.248.58.237 - - [23/Mar/1999:01:28:26 -0500] "HEAD / HTTP/1.0" 200 0 "-" "Mozilla/4.51 (Macintosh; I; PPC)"
202.102.65.229 - - [23/Mar/1999:01:28:29 -0500] "GET /osg/web96/results/res97q4/ HTTP/1.0" 200 4675 "http://www.specbench.org/osg/web96/results/" "Mozilla/4.0 (compatible; MSIE 4.01; Windows NT)"
131.248.58.237 - - [23/Mar/1999:01:28:31 -0500] "HEAD /osg/web96/results/ HTTP/1.0" 200 0 "-" "Mozilla/4.51 (Macintosh; I; PPC)"
210.167.130.115 - - [23/Mar/1999:01:28:35 -0500] "GET /gpc/image/Speclogo_sm.gif HTTP/1.0" 200 2113 "http://www.ingr.com/jp/ics/tdz/index.htm" "Mozilla/4.0 (compatible; MSIE 4.01; Windows 95)"
210.167.130.115 - - [23/Mar/1999:01:28:39 -0500] "GET /gpc/image/gpcnews2.gif HTTP/1.0" 200 4182 "http://www.ingr.com/jp/ics/tdz/index.htm" "Mozilla/4.0 (compatible; MSIE 4.01; Windows 95)"
202.247.6.16 - - [23/Mar/1999:01:29:33 -0500] "GET /osg/cpu95/results/res98q1/cpu95-980128-02369.html HTTP/1.0" 200 5830 "http://www.spec.org/cgi-bin/osgresults" "Mozilla/4.0 (compatible; MSIE 4.01; Windows NT)"
209.67.244.80 - - [23/Mar/1999:01:29:43 -0500] "GET /gpc/plb.static/index.html HTTP/1.0" 200 2537 "-" "FAST-WebCrawler/0.3 (crawler@fast.no)"
202.102.65.229 - - [23/Mar/1999:01:30:31 -0500] "GET /osg/web96 HTTP/1.0" 301 234 "-" "Mozilla/4.0 (compatible; MSIE 4.01; Windows NT)"
202.102.65.229 - - [23/Mar/1999:01:30:34 -0500] "GET /osg/web96/ HTTP/1.0" 200 3078 "-" "Mozilla/4.0 (compatible; MSIE 4.01; Windows NT)"
128.174.0.229 - - [23/Mar/1999:01:30:58 -0500] "GET /gpc/Feb97/opc/Sun/summary/cdrs/ HTTP/1.0" 200 893 "http://nscp.snap.com/search/directory/results/1,61,nscp-0,00.html?tag=tt.ns.sb2&keyword=a+raisin+in+the+sun%2C+summary" "Mozilla/4.05 (Macintosh; I; PPC, Nav)"
128.174.0.229 - - [23/Mar/1999:01:30:58 -0500] "GET /gpc/Feb97/opc/Sun/summary/cdrs/ HTTP/1.0" 200 893 "http://nscp.snap.com/search/directory/results/1,61,nscp-0,00.html?tag=tt.ns.sb2&keyword=a+raisin+in+the+sun%2C+summary" "Mozilla/4.05 (Macintosh; I; PPC, Nav)"
128.174.0.229 - - [23/Mar/1999:01:30:59 -0500] "GET /icons/text.gif HTTP/1.0" 200 229 "http://www.specbench.org/gpc/Feb97/opc/Sun/summary/cdrs/" "Mozilla/4.05 (Macintosh; I; PPC, Nav)"
128.174.0.229 - - [23/Mar/1999:01:30:59 -0500] "GET /icons/blank.gif HTTP/1.0" 200 148 "http://www.specbench.org/gpc/Feb97/opc/Sun/summary/cdrs/" "Mozilla/4.05 (Macintosh; I; PPC, Nav)"
128.174.0.229 - - [23/Mar/1999:01:31:02 -0500] "GET /icons/back.gif HTTP/1.0" 200 216 "http://www.specbench.org/gpc/Feb97/opc/Sun/summary/cdrs/" "Mozilla/4.05 (Macintosh; I; PPC, Nav)"
128.174.0.229 - - [23/Mar/1999:01:31:05 -0500] "GET /gpc/Feb97/opc/Sun/summary/cdrs/SUN.001.html HTTP/1.0" 200 7675 "http://www.specbench.org/gpc/Feb97/opc/Sun/summary/cdrs/" "Mozilla/4.05 (Macintosh; I; PPC, Nav)"
128.174.0.229 - - [23/Mar/1999:01:31:09 -0500] "GET /gpc/Feb97/opc/Sun/summary/cdrs/SUN.001.html HTTP/1.0" 200 7675 "http://www.specbench.org/gpc/Feb97/opc/Sun/summary/cdrs/" "Mozilla/4.05 (Macintosh; I; PPC, Nav)"
128.174.0.229 - - [23/Mar/1999:01:31:10 -0500] "GET /gpc/Feb97/image/opc2.gif HTTP/1.0" 200 4395 "http://www.specbench.org/gpc/Feb97/opc/Sun/summary/cdrs/SUN.001.html" "Mozilla/4.05 (Macintosh; I; PPC, Nav)"
128.174.0.229 - - [23/Mar/1999:01:31:10 -0500] "GET /gpc/Feb97/image/news2.gif HTTP/1.0" 200 4358 "http://www.specbench.org/gpc/Feb97/opc/Sun/summary/cdrs/SUN.001.html" "Mozilla/4.05 (Macintosh; I; PPC, Nav)"
202.247.6.22 - - [23/Mar/1999:01:31:25 -0500] "POST /cgi-bin/osgresults HTTP/1.0" 200 5192 "http://www.specbench.org/cgi-bin/osgresults?conf=cpu95" "Mozilla/4.0 (compatible; MSIE 4.01; Windows NT)"
202.102.245.94 - - [23/Mar/1999:01:31:25 -0500] "GET / HTTP/1.0" 200 7724 "-" "Mozilla/4.5 [en] (Win95; I)"
202.102.245.94 - - [23/Mar/1999:01:31:28 -0500] "GET /images/logo150.gif HTTP/1.0" 200 2355 "http://www.specbench.org/" "Mozilla/4.5 [en] (Win95; I)"
202.32.8.10 - - [23/Mar/1999:01:31:42 -0500] "GET /osg/cpu95/results/res96q2/cpu95-960607-00854.html HTTP/1.0" 200 5438 "http://www.spec.org/cgi-bin/osgresults" "Mozilla/4.0 (compatible; MSIE 4.01; Windows NT)"
209.140.108.104 - - [23/Mar/1999:01:31:43 -0500] "GET /osg/cpu95/results/res96q3/cpu95-960829-01216.html HTTP/1.0" 200 5541 "http://www.altavista.com/cgi-bin/query?pg=q&kl=XX&q=%2B%22hp+9000%22+%2B%22PA-RISC+7150%22" "Mozilla/4.5 (Macintosh; I; PPC)"
207.104.109.90 - - [23/Mar/1999:01:31:59 -0500] "GET / HTTP/1.0" 200 7724 "-" "Mozilla/4.05 [en] (X11; I; Linux 2.0.34 i586)"
202.102.245.94 - - [23/Mar/1999:01:32:02 -0500] "GET /spec/glossary/ HTTP/1.0" 200 26913 "http://www.specbench.org/" "Mozilla/4.5 [en] (Win95; I)"
192.51.44.11 - - [23/Mar/1999:01:32:04 -0500] "GET /osg/cpu95/results/cint95.html HTTP/1.0" 200 128400 "http://www.specbench.org/permuted.html" "Mozilla/4.51 [ja] (Win98; I)"
207.104.109.90 - - [23/Mar/1999:01:32:10 -0500] "GET /images/logo150.gif HTTP/1.0" 200 2355 "http://www.specbench.org/" "Mozilla/4.05 [en] (X11; I; Linux 2.0.34 i586)"
207.104.109.90 - - [23/Mar/1999:01:32:18 -0500] "GET /results.html HTTP/1.0" 200 3839 "http://www.specbench.org/" "Mozilla/4.05 [en] (X11; I; Linux 2.0.34 i586)"
207.104.109.90 - - [23/Mar/1999:01:32:37 -0500] "GET /osg/cpu95/results/ HTTP/1.0" 200 3114 "http://www.specbench.org/results.html" "Mozilla/4.05 [en] (X11; I; Linux 2.0.34 i586)"
133.152.0.14 - - [23/Mar/1999:01:32:46 -0500] "GET / HTTP/1.0" 200 7724 "-" "Mozilla/4.51 [ja] (WinNT; I)"
133.152.0.14 - - [23/Mar/1999:01:32:47 -0500] "GET / HTTP/1.0" 304 - "-" "Mozilla/4.51 [ja] (WinNT; I)"
133.152.0.14 - - [23/Mar/1999:01:32:49 -0500] "GET /images/logo150.gif HTTP/1.0" 304 - "http://www.spec.org/" "Mozilla/4.51 [ja] (WinNT; I)"
204.123.9.123 - - [23/Mar/1999:01:32:55 -0500] "GET /osg/cpu95/results/res96q2/cpu95-960610-00905.html HTTP/1.0" 200 4855 "-" "Scooter/2.0 G.R.A.B. V1.1.0"
202.247.6.17 - - [23/Mar/1999:01:33:04 -0500] "GET /osg/cpu95/results/res96q2/cpu95-960607-00852.html HTTP/1.0" 200 5563 "http://www.spec.org/cgi-bin/osgresults" "Mozilla/4.0 (compatible; MSIE 4.01; Windows NT)"
204.123.9.123 - - [23/Mar/1999:01:33:13 -0500] "GET /osg/news/articles/news96q2/hpg.html HTTP/1.0" 200 3419 "-" "Scooter/2.0 G.R.A.B. V1.1.0"
133.152.0.14 - - [23/Mar/1999:01:33:35 -0500] "GET /osg/faq/ HTTP/1.0" 200 50273 "http://www.spec.org/" "Mozilla/4.51 [ja] (WinNT; I)"
209.67.244.80 - - [23/Mar/1999:01:33:37 -0500] "GET /osg/cpu95/results/res98q3/cpu95-980914-03065.ps HTTP/1.0" 200 42655 "-" "FAST-WebCrawler/0.3 (crawler@fast.no)"
207.104.109.90 - - [23/Mar/1999:01:33:39 -0500] "GET /osg/cpu95/results/cpu95.html HTTP/1.0" 200 572614 "http://www.specbench.org/osg/cpu95/results/" "Mozilla/4.05 [en] (X11; I; Linux 2.0.34 i586)"
202.102.245.94 - - [23/Mar/1999:01:34:10 -0500] "GET /osg/web96/ HTTP/1.0" 200 3078 "http://www.specbench.org/" "Mozilla/4.5 [en] (Win95; I)"
207.104.109.90 - - [23/Mar/1999:01:34:39 -0500] "GET /osg/cpu95/results/res98q3/cpu95-980701-02840.html HTTP/1.0" 200 5206 "http://www.specbench.org/osg/cpu95/results/cpu95.html" "Mozilla/4.05 [en] (X11; I; Linux 2.0.34 i586)"
133.152.0.14 - - [23/Mar/1999:01:35:06 -0500] "GET /osg/web96/issues/ HTTP/1.0" 200 1376 "http://www.spec.org/osg/faq/" "Mozilla/4.51 [ja] (WinNT; I)"
133.152.0.14 - - [23/Mar/1999:01:35:24 -0500] "GET /osg/web96/ HTTP/1.0" 304 - "http://www.spec.org/osg/faq/" "Mozilla/4.51 [ja] (WinNT; I)"
202.32.8.14 - - [23/Mar/1999:01:35:49 -0500] "GET /osg/cpu95/results/res99q1/ HTTP/1.0" 200 27562 "http://www.specbench.org/osg/cpu95/results/" "Mozilla/4.0 (compatible; MSIE 4.01; Windows 95)"
202.102.245.94 - - [23/Mar/1999:01:35:52 -0500] "GET /osg/web96/web96re.html HTTP/1.0" 200 4913 "http://www.specbench.org/osg/web96/" "Mozilla/4.5 [en] (Win95; I)"
133.152.0.14 - - [23/Mar/1999:01:35:55 -0500] "GET /osg/web96/runrules.html HTTP/1.0" 200 24806 "http://www.spec.org/osg/web96/" "Mozilla/4.51 [ja] (WinNT; I)"
208.243.236.11 - - [23/Mar/1999:01:36:08 -0500] "GET /osg/cpu95/results/res96q3/cpu95-960829-01203.html HTTP/1.0" 200 5383 "-" "Mozilla/4.0 (compatible; MSIE 4.01; Windows 95; IE401AS2)"
202.32.8.14 - - [23/Mar/1999:01:36:12 -0500] "GET /osg/cpu95/results/res99q1/cpu95-19990104-03256.asc HTTP/1.0" 200 2689 "http://www.specbench.org/osg/cpu95/results/res99q1/" "Mozilla/4.0 (compatible; MSIE 4.01; Windows 95)"
208.243.236.11 - - [23/Mar/1999:01:36:18 -0500] "GET /osg/cpu95/results/ HTTP/1.0" 200 3114 "http://www.specbench.org/osg/cpu95/results/res96q3/cpu95-960829-01203.html" "Mozilla/4.0 (compatible; MSIE 4.01; Windows 95; IE401AS2)"
202.247.6.12 - - [23/Mar/1999:01:36:20 -0500] "GET /osg/cpu95/results/res99q1/cpu95-19990104-03256.html HTTP/1.0" 200 5096 "http://www.specbench.org/osg/cpu95/results/res99q1/" "Mozilla/4.0 (compatible; MSIE 4.01; Windows 95)"
192.51.44.11 - - [23/Mar/1999:01:36:31 -0500] "GET /osg/cpu95/results/res98q1/cpu95-980128-02369.html HTTP/1.0" 200 5830 "http://www.spec.org/osg/cpu95/results/cint95.html" "Mozilla/4.51 [ja] (Win98; I)"
208.243.236.11 - - [23/Mar/1999:01:36:35 -0500] "GET /osg/cpu95/results/res99q1/ HTTP/1.0" 200 27562 "http://www.specbench.org/osg/cpu95/results/" "Mozilla/4.0 (compatible; MSIE 4.01; Windows 95; IE401AS2)"
207.104.109.90 - - [23/Mar/1999:01:37:06 -0500] "GET /osg/cpu95/results/res98q4/cpu95-981204-03210.html HTTP/1.0" 200 5542 "http://www.specbench.org/osg/cpu95/results/cpu95.html" "Mozilla/4.05 [en] (X11; I; Linux 2.0.34 i586)"
202.32.86.145 - - [23/Mar/1999:01:37:35 -0500] "GET /osg/jvm98/results/jvm98.html HTTP/1.0" 200 13591 "http://www.arm.com/SoftSys/java/jretune.html" "Mozilla/4.05 [ja] (Win95; I) via NetCache version 3.1.2cP1-BSDI"
192.35.17.229 - - [23/Mar/1999:01:37:38 -0500] "GET / HTTP/1.0" 200 7724 "-" "Mozilla/4.06 [en] (WinNT; U) via NetCache version 3.1.2c-Solaris"
202.102.245.94 - - [23/Mar/1999:01:37:39 -0500] "GET /osg/web96/infoweek/ HTTP/1.0" 200 9530 "http://www.specbench.org/osg/web96/" "Mozilla/4.5 [en] (Win95; I)"
202.102.245.94 - - [23/Mar/1999:01:37:47 -0500] "GET /osg/web96/infoweek/5483.gif HTTP/1.0" 200 29316 "http://www.specbench.org/osg/web96/infoweek/" "Mozilla/4.5 [en] (Win95; I)"
133.152.0.14 - - [23/Mar/1999:01:37:53 -0500] "GET /osg/cpu95/ HTTP/1.0" 200 4543 "http://www.spec.org/" "Mozilla/4.51 [ja] (WinNT; I)"
208.243.236.11 - - [23/Mar/1999:01:39:25 -0500] "GET /osg/cpu95/results/res99q1/cpu95-981221-03228.html HTTP/1.0" 200 5800 "http://www.specbench.org/osg/cpu95/results/res99q1/" "Mozilla/4.0 (compatible; MSIE 4.01; Windows 95; IE401AS2)"
133.152.0.14 - - [23/Mar/1999:01:39:29 -0500] "GET /osg/cpu95/rules/RUNRULES.txt HTTP/1.0" 304 - "http://www.spec.org/osg/cpu95/" "Mozilla/4.51 [ja] (WinNT; I)"
202.32.86.145 - - [23/Mar/1999:01:39:30 -0500] "GET /osg/jvm98/results/res98q4/jvm98-19980921-03079.html HTTP/1.0" 200 40006 "http://www.spec.org/osg/jvm98/results/jvm98.html" "Mozilla/4.05 [ja] (Win95; I) via NetCache version 3.1.2cP1-BSDI"
202.32.86.145 - - [23/Mar/1999:01:39:32 -0500] "GET /osg/jvm98/results/res98q4/images/spec-sm.gif HTTP/1.0" 200 524 "http://www.spec.org/osg/jvm98/results/res98q4/jvm98-19980921-03079.html" "Mozilla/4.05 [ja] (Win95; I) via NetCache version 3.1.2cP1-BSDI"
208.243.236.11 - - [23/Mar/1999:01:39:45 -0500] "GET /osg/cpu95/results/res99q1/cpu95-981221-03230.html HTTP/1.0" 200 6095 "http://www.specbench.org/osg/cpu95/results/res99q1/" "Mozilla/4.0 (compatible; MSIE 4.01; Windows 95; IE401AS2)"
202.102.245.94 - - [23/Mar/1999:01:39:54 -0500] "GET /osg/web96/infoweek/ HTTP/1.0" 304 - "http://www.specbench.org/osg/web96/" "Mozilla/4.5 [en] (Win95; I)"
202.32.86.145 - - [23/Mar/1999:01:39:55 -0500] "GET /osg/jvm98/results/res98q4/class/BasePeakGraph.class HTTP/1.0" 200 2209 "-" "Mozilla/4.05 [ja] (Win95; I) via NetCache version 3.1.2cP1-BSDI"
202.102.245.94 - - [23/Mar/1999:01:39:58 -0500] "GET /osg/web96/infoweek/5483.gif HTTP/1.0" 304 - "http://www.specbench.org/osg/web96/infoweek/" "Mozilla/4.5 [en] (Win95; I)"
202.102.245.94 - - [23/Mar/1999:01:39:59 -0500] "GET /osg/web96/infoweek/5483.gif HTTP/1.0" 206 26719 "http://www.specbench.org/osg/web96/infoweek/" "Mozilla/4.5 [en] (Win95; I)"
202.32.86.145 - - [23/Mar/1999:01:39:59 -0500] "GET /osg/jvm98/results/res98q4/class/Graph.class HTTP/1.0" 200 3211 "-" "Mozilla/4.05 [ja] (Win95; I) via NetCache version 3.1.2cP1-BSDI"
202.102.245.94 - - [23/Mar/1999:01:40:12 -0500] "GET /osg/web96/infoweek/ HTTP/1.0" 206 6895 "http://www.specbench.org/osg/web96/" "Mozilla/4.5 [en] (Win95; I)"
202.102.245.94 - - [23/Mar/1999:01:40:14 -0500] "GET /osg/web96/infoweek/chart1.gif HTTP/1.0" 200 18550 "http://www.specbench.org/osg/web96/infoweek/" "Mozilla/4.5 [en] (Win95; I)"
133.152.0.14 - - [23/Mar/1999:01:40:17 -0500] "GET /cgi-bin/osgorder/ HTTP/1.0" 200 4727 "http://www.spec.org/" "Mozilla/4.51 [ja] (WinNT; I)"
133.152.0.14 - - [23/Mar/1999:01:40:21 -0500] "GET /osg/sdm91/ HTTP/1.0" 304 - "http://www.spec.org/cgi-bin/osgorder/" "Mozilla/4.51 [ja] (WinNT; I)"
210.129.124.10 - - [23/Mar/1999:01:40:36 -0500] "GET /gpc/image/Speclogo_sm.gif HTTP/1.0" 200 2113 "http://www.intergraph.com/jp/ics/tdz/index.htm" "Mozilla/4.06 (Macintosh; I; PPC)"
210.129.124.10 - - [23/Mar/1999:01:40:36 -0500] "GET /gpc/image/gpcnews2.gif HTTP/1.0" 200 4182 "http://www.intergraph.com/jp/ics/tdz/index.htm" "Mozilla/4.06 (Macintosh; I; PPC)"
202.32.86.145 - - [23/Mar/1999:01:40:55 -0500] "GET / HTTP/1.0" 200 7724 "-" "Mozilla/4.05 [ja] (Win95; I) via NetCache version 3.1.2cP1-BSDI"
209.67.229.100 - - [23/Mar/1999:01:40:56 -0500] "GET /robots.txt HTTP/1.0" 200 117 "-" "Lycos_Spider_(T-Rex)"
208.243.236.11 - - [23/Mar/1999:01:40:56 -0500] "GET /osg/cpu95/results/res99q1/cpu95-981221-03229.html HTTP/1.0" 200 6098 "http://www.specbench.org/osg/cpu95/results/res99q1/" "Mozilla/4.0 (compatible; MSIE 4.01; Windows 95; IE401AS2)"
209.67.229.100 - - [23/Mar/1999:01:40:56 -0500] "GET /icons/back.gif HTTP/1.0" 200 216 "-" "Lycos_Spider_(T-Rex)"
202.32.86.145 - - [23/Mar/1999:01:41:00 -0500] "GET /images/logo150.gif HTTP/1.0" 200 2355 "http://www.spec.org/" "Mozilla/4.05 [ja] (Win95; I) via NetCache version 3.1.2cP1-BSDI"
202.232.54.6 - - [23/Mar/1999:01:41:01 -0500] "GET /cgi-bin/osgresults?conf=cfp95;op=dump;format=pre HTTP/1.0" 200 478178 "-" "Mozilla/3.0 [ja] (Win95; I)"
202.102.245.94 - - [23/Mar/1999:01:41:01 -0500] "GET /osg/web96/infoweek/chart2.gif HTTP/1.0" 200 10838 "http://www.specbench.org/osg/web96/infoweek/" "Mozilla/4.5 [en] (Win95; I)"
208.243.236.11 - - [23/Mar/1999:01:41:03 -0500] "GET /osg/cpu95/results/res99q1/cpu95-981221-03231.html HTTP/1.0" 200 5940 "http://www.specbench.org/osg/cpu95/results/res99q1/" "Mozilla/4.0 (compatible; MSIE 4.01; Windows 95; IE401AS2)"
133.152.0.14 - - [23/Mar/1999:01:41:26 -0500] "GET /osg/smt97 HTTP/1.0" 301 234 "http://www.spec.org/osg/sdm91/" "Mozilla/4.51 [ja] (WinNT; I)"
133.152.0.14 - - [23/Mar/1999:01:41:27 -0500] "GET /osg/smt97/ HTTP/1.0" 304 - "http://www.spec.org/osg/sdm91/" "Mozilla/4.51 [ja] (WinNT; I)"
202.232.54.6 - - [23/Mar/1999:01:41:39 -0500] "GET /osg/cpu95/ HTTP/1.0" 200 4543 "http://www.spec.org/cgi-bin/osgresults?conf=cfp95;op=dump;format=pre" "Mozilla/3.0 [ja] (Win95; I)"
202.32.86.145 - - [23/Mar/1999:01:41:41 -0500] "GET /osg/jvm98/ HTTP/1.0" 200 5096 "http://www.spec.org/" "Mozilla/4.05 [ja] (Win95; I) via NetCache version 3.1.2cP1-BSDI"
216.23.135.18 - - [23/Mar/1999:01:42:00 -0500] "GET / HTTP/1.1" 200 7724 "http://www.specbench.org/" "Mozilla/4.0 (compatible; MSIE 4.01; Windows NT)"
133.152.0.14 - - [23/Mar/1999:01:42:02 -0500] "GET /spec/faq/ HTTP/1.0" 200 12546 "http://www.spec.org/" "Mozilla/4.51 [ja] (WinNT; I)"
216.23.135.18 - - [23/Mar/1999:01:42:07 -0500] "GET /images/logo150.gif HTTP/1.1" 200 2355 "http://www.specbench.org/" "Mozilla/4.0 (compatible; MSIE 4.01; Windows NT)"
202.102.245.94 - - [23/Mar/1999:01:42:12 -0500] "GET /osg/web96/infoweek/ HTTP/1.0" 304 - "http://www.specbench.org/osg/web96/" "Mozilla/4.5 [en] (Win95; I)"
202.102.245.94 - - [23/Mar/1999:01:42:17 -0500] "GET /osg/web96/infoweek/5483.gif HTTP/1.0" 304 - "http://www.specbench.org/osg/web96/infoweek/" "Mozilla/4.5 [en] (Win95; I)"
202.102.245.94 - - [23/Mar/1999:01:42:17 -0500] "GET /osg/web96/infoweek/5483.gif HTTP/1.0" 206 9613 "http://www.specbench.org/osg/web96/infoweek/" "Mozilla/4.5 [en] (Win95; I)"
202.232.54.6 - - [23/Mar/1999:01:42:24 -0500] "GET /osg/cpu95/CFP95/ HTTP/1.0" 200 1429 "http://www.spec.org/osg/cpu95/" "Mozilla/3.0 [ja] (Win95; I)"
202.32.86.145 - - [23/Mar/1999:01:42:33 -0500] "GET /cgi-bin/glimpse HTTP/1.0" 200 1927 "http://www.spec.org/" "Mozilla/4.05 [ja] (Win95; I) via NetCache version 3.1.2cP1-BSDI"
202.232.54.6 - - [23/Mar/1999:01:42:49 -0500] "GET /osg/cpu95/results/ HTTP/1.0" 200 3114 "http://www.spec.org/osg/cpu95/CFP95/" "Mozilla/3.0 [ja] (Win95; I)"
216.23.135.18 - - [23/Mar/1999:01:42:55 -0500] "GET /cgi-bin/glimpse HTTP/1.1" 200 1939 "http://www.specbench.org/" "Mozilla/4.0 (compatible; MSIE 4.01; Windows NT)"
202.102.245.94 - - [23/Mar/1999:01:42:56 -0500] "GET /osg/web96/infoweek/5483.gif HTTP/1.0" 304 - "http://www.specbench.org/osg/web96/infoweek/" "Mozilla/4.5 [en] (Win95; I)"
202.102.245.94 - - [23/Mar/1999:01:42:56 -0500] "GET /osg/web96/infoweek/chart1.gif HTTP/1.0" 304 - "http://www.specbench.org/osg/web96/infoweek/" "Mozilla/4.5 [en] (Win95; I)"
202.102.245.94 - - [23/Mar/1999:01:43:01 -0500] "GET /osg/web96/infoweek/chart2.gif HTTP/1.0" 304 - "http://www.specbench.org/osg/web96/infoweek/" "Mozilla/4.5 [en] (Win95; I)"
216.23.135.18 - - [23/Mar/1999:01:43:05 -0500] "POST /cgi-bin/glimpse HTTP/1.1" 200 839 "http://www.specbench.org/cgi-bin/glimpse" "Mozilla/4.0 (compatible; MSIE 4.01; Windows NT)"
216.23.135.18 - - [23/Mar/1999:01:43:22 -0500] "POST /cgi-bin/glimpse HTTP/1.1" 200 837 "http://www.specbench.org/cgi-bin/glimpse" "Mozilla/4.0 (compatible; MSIE 4.01; Windows NT)"
202.32.86.145 - - [23/Mar/1999:01:43:22 -0500] "POST /cgi-bin/glimpse HTTP/1.0" 200 824 "http://www.spec.org/cgi-bin/glimpse" "Mozilla/4.05 [ja] (Win95; I) via NetCache version 3.1.2cP1-BSDI"
202.232.54.6 - - [23/Mar/1999:01:43:34 -0500] "GET /osg/cpu95/results/cfp95.html HTTP/1.0" 200 138939 "http://www.spec.org/osg/cpu95/results/" "Mozilla/3.0 [ja] (Win95; I)"
202.32.86.145 - - [23/Mar/1999:01:43:44 -0500] "GET /spec/ HTTP/1.0" 200 6998 "http://www.spec.org/" "Mozilla/4.05 [ja] (Win95; I) via NetCache version 3.1.2cP1-BSDI"
202.32.86.145 - - [23/Mar/1999:01:43:48 -0500] "GET /images/slogan300.gif HTTP/1.0" 200 4114 "http://www.spec.org/spec/" "Mozilla/4.05 [ja] (Win95; I) via NetCache version 3.1.2cP1-BSDI"
143.183.152.10 - - [23/Mar/1999:01:45:26 -0500] "GET /gpc/opc.static/viewin~1.html HTTP/1.0" 200 4912 "-" "Mozilla/4.0 (compatible; MSIE 4.01; Windows NT)"
143.183.152.10 - - [23/Mar/1999:01:45:26 -0500] "GET /gpc/image/news2.gif HTTP/1.0" 200 2507 "http://www.specbench.org/gpc/opc.static/viewin~1.html" "Mozilla/4.0 (compatible; MSIE 4.01; Windows NT)"
143.183.152.10 - - [23/Mar/1999:01:45:26 -0500] "GET /gpc/image/opc2.gif HTTP/1.0" 200 4395 "http://www.specbench.org/gpc/opc.static/viewin~1.html" "Mozilla/4.0 (compatible; MSIE 4.01; Windows NT)"
143.183.152.10 - - [23/Mar/1999:01:45:26 -0500] "GET /gpc/image/bullet.gif HTTP/1.0" 200 906 "http://www.specbench.org/gpc/opc.static/viewin~1.html" "Mozilla/4.0 (compatible; MSIE 4.01; Windows NT)"
141.24.204.19 - - [23/Mar/1999:01:45:32 -0500] "GET /osg/jvm98/ HTTP/1.0" 200 5096 "http://www.sun.com/solaris/java/;$sessionid$1RAVX0YAAZ5H3AMUVFZE3NUBSSUXEUDO" "Mozilla/4.5 [en] (WinNT; I)"
143.183.152.10 - - [23/Mar/1999:01:45:38 -0500] "GET /gpc/opc/opc.cdrs.html HTTP/1.0" 404 215 "http://www.specbench.org/gpc/opc.static/viewin~1.html" "Mozilla/4.0 (compatible; MSIE 4.01; Windows NT)"
143.183.152.10 - - [23/Mar/1999:01:45:44 -0500] "GET / HTTP/1.0" 200 7724 "-" "Mozilla/4.0 (compatible; MSIE 4.01; Windows NT)"
143.183.152.10 - - [23/Mar/1999:01:45:45 -0500] "GET /images/logo150.gif HTTP/1.0" 200 2355 "http://www.specbench.org/" "Mozilla/4.0 (compatible; MSIE 4.01; Windows NT)"
143.183.152.10 - - [23/Mar/1999:01:45:53 -0500] "GET /contents.html HTTP/1.0" 200 4966 "http://www.specbench.org/" "Mozilla/4.0 (compatible; MSIE 4.01; Windows NT)"
143.183.152.10 - - [23/Mar/1999:01:46:07 -0500] "GET /gpc/ HTTP/1.0" 200 4578 "http://www.specbench.org/contents.html" "Mozilla/4.0 (compatible; MSIE 4.01; Windows NT)"
143.183.152.10 - - [23/Mar/1999:01:46:07 -0500] "GET /gpc/image/Speclogo_sm.gif HTTP/1.0" 200 2113 "http://www.specbench.org/gpc/" "Mozilla/4.0 (compatible; MSIE 4.01; Windows NT)"
143.183.152.10 - - [23/Mar/1999:01:46:07 -0500] "GET /gpc/image/gpcnews2.gif HTTP/1.0" 200 4182 "http://www.specbench.org/gpc/" "Mozilla/4.0 (compatible; MSIE 4.01; Windows NT)"
143.183.152.10 - - [23/Mar/1999:01:46:08 -0500] "GET /gpc/image/cram_apc.gif HTTP/1.0" 200 1940 "http://www.specbench.org/gpc/" "Mozilla/4.0 (compatible; MSIE 4.01; Windows NT)"
143.183.152.10 - - [23/Mar/1999:01:46:08 -0500] "GET /gpc/image/cram_mbc.gif HTTP/1.0" 200 2004 "http://www.specbench.org/gpc/" "Mozilla/4.0 (compatible; MSIE 4.01; Windows NT)"
143.183.152.10 - - [23/Mar/1999:01:46:08 -0500] "GET /gpc/image/plb2.gif HTTP/1.0" 200 4334 "http://www.specbench.org/gpc/" "Mozilla/4.0 (compatible; MSIE 4.01; Windows NT)"
143.183.152.10 - - [23/Mar/1999:01:46:08 -0500] "GET /gpc/image/xpc2.gif HTTP/1.0" 200 4143 "http://www.specbench.org/gpc/" "Mozilla/4.0 (compatible; MSIE 4.01; Windows NT)"
143.183.152.10 - - [23/Mar/1999:01:46:08 -0500] "GET /gpc/image/bullet2.gif HTTP/1.0" 200 976 "http://www.specbench.org/gpc/" "Mozilla/4.0 (compatible; MSIE 4.01; Windows NT)"
158.227.228.50 - - [23/Mar/1999:01:46:09 -0500] "GET / HTTP/1.0" 200 7724 "-" "Mozilla/3.01Gold (X11; I; SunOS 5.5 sun4u)"
143.183.152.10 - - [23/Mar/1999:01:46:10 -0500] "GET /gpc/publish/cdrsretire.html HTTP/1.0" 200 4786 "http://www.specbench.org/gpc/" "Mozilla/4.0 (compatible; MSIE 4.01; Windows NT)"
158.227.228.50 - - [23/Mar/1999:01:46:10 -0500] "GET /images/logo150.gif HTTP/1.0" 200 2355 "http://open.specbench.org/" "Mozilla/3.01Gold (X11; I; SunOS 5.5 sun4u)"
143.183.152.10 - - [23/Mar/1999:01:46:17 -0500] "GET /gpc/publish/delay.html HTTP/1.0" 200 1636 "http://www.specbench.org/gpc/" "Mozilla/4.0 (compatible; MSIE 4.01; Windows NT)"
143.183.152.10 - - [23/Mar/1999:01:46:28 -0500] "GET /gpc/opc.static/viewperf-prodre.html HTTP/1.0" 200 3734 "http://www.specbench.org/gpc/" "Mozilla/4.0 (compatible; MSIE 4.01; Windows NT)"
143.183.152.10 - - [23/Mar/1999:01:46:31 -0500] "GET /gpc/opc.static/opcview.html HTTP/1.0" 200 3785 "http://www.specbench.org/gpc/opc.static/viewperf-prodre.html" "Mozilla/4.0 (compatible; MSIE 4.01; Windows NT)"
143.183.152.10 - - [23/Mar/1999:01:46:33 -0500] "GET /gpc/opc.data/opc_nov98/summary.html HTTP/1.0" 200 37026 "http://www.specbench.org/gpc/opc.static/opcview.html" "Mozilla/4.0 (compatible; MSIE 4.01; Windows NT)"
158.227.228.50 - - [23/Mar/1999:01:47:12 -0500] "GET /osg/cpu95/ HTTP/1.0" 200 4543 "http://open.specbench.org/" "Mozilla/3.01Gold (X11; I; SunOS 5.5 sun4u)"
158.227.228.50 - - [23/Mar/1999:01:47:33 -0500] "GET /osg/cpu95/results/ HTTP/1.0" 200 3114 "http://open.specbench.org/osg/cpu95/" "Mozilla/3.01Gold (X11; I; SunOS 5.5 sun4u)"
158.227.228.50 - - [23/Mar/1999:01:47:43 -0500] "GET /osg/cpu95/results/cfp95.html HTTP/1.0" 200 138939 "http://open.specbench.org/osg/cpu95/results/" "Mozilla/3.01Gold (X11; I; SunOS 5.5 sun4u)"
203.141.89.167 - - [23/Mar/1999:01:47:53 -0500] "GET /results.html HTTP/1.0" 200 3839 "http://www.specbench.org/" "Mozilla/4.5 [ja] (WinNT; I)"
203.141.89.168 - - [23/Mar/1999:01:47:54 -0500] "GET /spec/glossary/ HTTP/1.0" 200 26913 "http://www.specbench.org/" "Mozilla/4.5 [ja] (WinNT; I)"
210.141.251.15 - - [23/Mar/1999:01:47:57 -0500] "GET /gpc/image/gpcnews2.gif HTTP/1.0" 200 4182 "http://www.intergraph.com/jp/ics/tdz/index.htm" "Mozilla/4.0 (compatible; MSIE 4.01; Windows 98)"
210.141.251.15 - - [23/Mar/1999:01:47:57 -0500] "GET /gpc/image/Speclogo_sm.gif HTTP/1.0" 200 2113 "http://www.intergraph.com/jp/ics/tdz/index.htm" "Mozilla/4.0 (compatible; MSIE 4.01; Windows 98)"
203.141.89.176 - - [23/Mar/1999:01:48:07 -0500] "GET /osg/cpu95/results/ HTTP/1.0" 200 3114 "http://www.specbench.org/results.html" "Mozilla/4.5 [ja] (WinNT; I)"
157.205.32.47 - - [23/Mar/1999:01:48:07 -0500] "GET /osg/cpu95/results/ HTTP/1.0" 200 3114 "http://www.specbench.org/osg/cpu95/" "Mozilla/4.04 [en] (X11; I; SunOS 5.6 sun4m)"
157.205.32.47 - - [23/Mar/1999:01:48:09 -0500] "GET /osg/cpu95/results/ HTTP/1.0" 200 3114 "http://www.specbench.org/osg/cpu95/" "Mozilla/4.04 [en] (X11; I; SunOS 5.6 sun4m)"
158.227.228.50 - - [23/Mar/1999:01:48:15 -0500] "GET /osg/cpu95/results/res99q1/cpu95-19990226-03434.html HTTP/1.0" 200 6129 "http://open.specbench.org/osg/cpu95/results/cfp95.html" "Mozilla/3.01Gold (X11; I; SunOS 5.5 sun4u)"
216.23.135.18 - - [23/Mar/1999:01:48:18 -0500] "GET /spec/faq/ HTTP/1.1" 200 12546 "http://www.specbench.org/" "Mozilla/4.0 (compatible; MSIE 4.01; Windows NT)"
157.205.32.47 - - [23/Mar/1999:01:48:22 -0500] "GET /osg/cpu95/ HTTP/1.0" 200 4543 "http://www.specbench.org/" "Mozilla/4.04 [en] (X11; I; SunOS 5.6 sun4m)"
157.205.32.47 - - [23/Mar/1999:01:48:22 -0500] "GET /osg/cpu95/ HTTP/1.0" 200 4543 "http://www.specbench.org/" "Mozilla/4.04 [en] (X11; I; SunOS 5.6 sun4m)"
157.205.32.47 - - [23/Mar/1999:01:48:25 -0500] "GET /osg/cpu95/ HTTP/1.0" 200 4543 "http://www.specbench.org/" "Mozilla/4.04 [en] (X11; I; SunOS 5.6 sun4m)"
157.205.32.47 - - [23/Mar/1999:01:48:25 -0500] "GET /osg/cpu95/ HTTP/1.0" 200 4543 "http://www.specbench.org/" "Mozilla/4.04 [en] (X11; I; SunOS 5.6 sun4m)"
157.205.32.47 - - [23/Mar/1999:01:48:25 -0500] "GET /osg/cpu95/ HTTP/1.0" 200 4543 "http://www.specbench.org/" "Mozilla/4.04 [en] (X11; I; SunOS 5.6 sun4m)"
157.205.32.47 - - [23/Mar/1999:01:48:31 -0500] "GET / HTTP/1.0" 200 7724 "-" "Mozilla/4.04 [en] (X11; I; SunOS 5.6 sun4m)"
157.205.32.47 - - [23/Mar/1999:01:48:33 -0500] "GET /images/logo150.gif HTTP/1.0" 200 2355 "http://www.specbench.org/" "Mozilla/4.04 [en] (X11; I; SunOS 5.6 sun4m)"
203.141.89.167 - - [23/Mar/1999:01:48:37 -0500] "GET /osg/cpu95/results/cint95.html HTTP/1.0" 200 128400 "http://www.specbench.org/osg/cpu95/results/" "Mozilla/4.5 [ja] (WinNT; I)"
157.205.32.47 - - [23/Mar/1999:01:48:59 -0500] "GET /osg/sfs93/results/results.html HTTP/1.0" 200 22686 "http://www.specbench.org/osg/sfs93/results/" "Mozilla/4.04 [en] (X11; I; SunOS 5.6 sun4m)"
209.1.33.110 - - [23/Mar/1999:01:49:17 -0500] "GET / HTTP/1.1" 200 7724 "-" "Mozilla/4.0 (compatible; MSIE 4.01; Windows 95)"
209.1.33.110 - - [23/Mar/1999:01:49:19 -0500] "GET /images/logo150.gif HTTP/1.1" 200 2355 "http://www.specbench.org/" "Mozilla/4.0 (compatible; MSIE 4.01; Windows 95)"
158.227.228.50 - - [23/Mar/1999:01:49:33 -0500] "GET /osg/cpu95/results/res98q4/cpu95-981007-03099.html HTTP/1.0" 200 6363 "http://open.specbench.org/osg/cpu95/results/cfp95.html" "Mozilla/3.01Gold (X11; I; SunOS 5.5 sun4u)"
209.1.33.110 - - [23/Mar/1999:01:49:44 -0500] "GET /contents.html HTTP/1.1" 200 4966 "http://www.specbench.org/" "Mozilla/4.0 (compatible; MSIE 4.01; Windows 95)"
192.51.44.11 - - [23/Mar/1999:01:49:50 -0500] "GET /images/logo150.gif HTTP/1.0" 304 - "http://misono.lp.nm.fujitsu.co.jp/cvp/spec.html" "Mozilla/4.5 [ja] (Win95; I)"
209.1.33.110 - - [23/Mar/1999:01:49:58 -0500] "GET /permuted.html HTTP/1.1" 200 82065 "http://www.specbench.org/contents.html" "Mozilla/4.0 (compatible; MSIE 4.01; Windows 95)"
209.1.33.110 - - [23/Mar/1999:01:50:11 -0500] "GET /osg/cpu95/CINT95/134.perl/ HTTP/1.1" 200 2625 "http://www.specbench.org/permuted.html" "Mozilla/4.0 (compatible; MSIE 4.01; Windows 95)"
209.1.33.110 - - [23/Mar/1999:01:50:12 -0500] "GET /icons/back.gif HTTP/1.1" 200 216 "http://www.spec.org/osg/cpu95/CINT95/134.perl/" "Mozilla/4.0 (compatible; MSIE 4.01; Windows 95)"
209.1.33.110 - - [23/Mar/1999:01:50:12 -0500] "GET /icons/blank.gif HTTP/1.1" 200 148 "http://www.spec.org/osg/cpu95/CINT95/134.perl/" "Mozilla/4.0 (compatible; MSIE 4.01; Windows 95)"
209.1.33.110 - - [23/Mar/1999:01:50:12 -0500] "GET /icons/text.gif HTTP/1.1" 200 229 "http://www.spec.org/osg/cpu95/CINT95/134.perl/" "Mozilla/4.0 (compatible; MSIE 4.01; Windows 95)"
144.191.11.209 - - [23/Mar/1999:01:50:13 -0500] "HEAD /gpc/xpc.static/index.html HTTP/1.0" 200 0 "-" "-"
158.227.228.50 - - [23/Mar/1999:01:50:16 -0500] "GET /osg/cpu95/results/res99q1/cpu95-19990122-03281.html HTTP/1.0" 200 6020 "http://open.specbench.org/osg/cpu95/results/cfp95.html" "Mozilla/3.01Gold (X11; I; SunOS 5.5 sun4u)"
209.1.33.110 - - [23/Mar/1999:01:50:19 -0500] "GET /osg/cpu95/CINT95/134.perl/134.cpi.txt HTTP/1.1" 200 3177 "http://www.spec.org/osg/cpu95/CINT95/134.perl/" "Mozilla/4.0 (compatible; MSIE 4.01; Windows 95)"
216.23.135.18 - - [23/Mar/1999:01:50:25 -0500] "GET / HTTP/1.1" 304 - "-" "Mozilla/4.0 (compatible; MSIE 4.01; Windows NT)"
216.23.135.18 - - [23/Mar/1999:01:50:25 -0500] "GET /images/logo150.gif HTTP/1.1" 304 - "http://www.specbench.org/" "Mozilla/4.0 (compatible; MSIE 4.01; Windows NT)"
216.23.135.18 - - [23/Mar/1999:01:50:33 -0500] "GET /osg/sfs97/ HTTP/1.1" 200 2963 "http://www.specbench.org/" "Mozilla/4.0 (compatible; MSIE 4.01; Windows NT)"
209.1.33.110 - - [23/Mar/1999:01:50:41 -0500] "GET /osg/cpu95/CINT95/ HTTP/1.1" 200 1395 "http://www.spec.org/osg/cpu95/CINT95/134.perl/" "Mozilla/4.0 (compatible; MSIE 4.01; Windows 95)"
209.1.33.110 - - [23/Mar/1999:01:50:50 -0500] "GET /osg/cpu95/results/ HTTP/1.1" 200 3114 "http://www.spec.org/osg/cpu95/CINT95/" "Mozilla/4.0 (compatible; MSIE 4.01; Windows 95)"
209.1.33.110 - - [23/Mar/1999:01:50:57 -0500] "GET /osg/cpu95/results/cint95.html HTTP/1.1" 200 128400 "http://www.spec.org/osg/cpu95/results/" "Mozilla/4.0 (compatible; MSIE 4.01; Windows 95)"
210.65.236.1 - - [23/Mar/1999:01:51:00 -0500] "GET /gpc/opc.static/fpcview.html HTTP/1.1" 404 233 "-" "Mozilla/4.0 (compatible; MSIE 4.01; Windows 98)"
157.205.32.47 - - [23/Mar/1999:01:51:06 -0500] "GET /osg/sfs93/results/res9412/cp115-116.ps HTTP/1.0" 200 33712 "http://www.specbench.org/osg/sfs93/results/results.html" "Mozilla/4.04 [en] (X11; I; SunOS 5.6 sun4m)"
129.116.78.130 - - [23/Mar/1999:01:51:10 -0500] "GET / HTTP/1.0" 304 - "-" "Mozilla/3.01 (compatible;)"
158.227.228.50 - - [23/Mar/1999:01:51:17 -0500] "GET /osg/cpu95/results/res99q1/cpu95-19990122-03285.html HTTP/1.0" 200 6092 "http://open.specbench.org/osg/cpu95/results/cfp95.html" "Mozilla/3.01Gold (X11; I; SunOS 5.5 sun4u)"
192.9.25.21 - - [23/Mar/1999:01:51:19 -0500] "GET /osg/ HTTP/1.0" 304 - "http://www.spec.org/" "Mozilla/4.02 [en] (X11; U; SunOS 5.6 sun4u)"
157.205.32.47 - - [23/Mar/1999:01:51:34 -0500] "GET /osg/sfs93/results/res9506/sfshp.ps HTTP/1.0" 200 34681 "http://www.specbench.org/osg/sfs93/results/results.html" "Mozilla/4.04 [en] (X11; I; SunOS 5.6 sun4m)"
158.227.228.50 - - [23/Mar/1999:01:52:01 -0500] "GET /osg/cpu95/results/res98q4/cpu95-981109-03154.html HTTP/1.0" 200 6403 "http://open.specbench.org/osg/cpu95/results/cfp95.html" "Mozilla/3.01Gold (X11; I; SunOS 5.5 sun4u)"
203.141.89.176 - - [23/Mar/1999:01:52:23 -0500] "GET /osg/cpu95/results/rint95.html HTTP/1.0" 200 170389 "http://www.specbench.org/osg/cpu95/results/" "Mozilla/4.5 [ja] (WinNT; I)"
209.1.33.110 - - [23/Mar/1999:01:52:51 -0500] "GET /osg/cpu95/results/cfp95.html HTTP/1.1" 200 138939 "http://www.spec.org/osg/cpu95/results/" "Mozilla/4.0 (compatible; MSIE 4.01; Windows 95)"
158.227.228.50 - - [23/Mar/1999:01:52:59 -0500] "GET /osg/cpu95/results/res97q3/cpu95-970819-02044.html HTTP/1.0" 200 6072 "http://open.specbench.org/osg/cpu95/results/cfp95.html" "Mozilla/3.01Gold (X11; I; SunOS 5.5 sun4u)"
133.145.224.6 - - [23/Mar/1999:01:53:18 -0500] "GET /osg/cpu95/results/rfp95.html HTTP/1.0" 200 140235 "http://www.spec.org/osg/cpu95/results/" "Mozilla/4.0 (compatible; MSIE 4.01; Windows 95)"
209.1.33.110 - - [23/Mar/1999:01:53:42 -0500] "GET /osg/cpu95/results/res98q2/cpu95-980421-02647.html HTTP/1.1" 200 5505 "http://www.spec.org/osg/cpu95/results/cfp95.html" "Mozilla/4.0 (compatible; MSIE 4.01; Windows 95)"
158.227.228.50 - - [23/Mar/1999:01:53:44 -0500] "GET /osg/cpu95/results/res98q1/cpu95-980223-02460.html HTTP/1.0" 200 5537 "http://open.specbench.org/osg/cpu95/results/cfp95.html" "Mozilla/3.01Gold (X11; I; SunOS 5.5 sun4u)"
133.145.224.6 - - [23/Mar/1999:01:53:44 -0500] "GET /osg/cpu95/results/res97q3/cpu95-970819-02039.html HTTP/1.0" 200 6254 "http://www.spec.org/osg/cpu95/results/rfp95.html" "Mozilla/4.0 (compatible; MSIE 4.01; Windows 95)"
203.141.89.166 - - [23/Mar/1999:01:53:51 -0500] "GET /osg/cpu95/results/res96q2/cpu95-960401-00569.html HTTP/1.0" 200 4926 "http://www.specbench.org/osg/cpu95/results/rint95.html" "Mozilla/4.5 [ja] (WinNT; I)"
133.145.224.6 - - [23/Mar/1999:01:54:08 -0500] "GET /osg/cpu95/results/res97q3/cpu95-970819-02048.html HTTP/1.0" 200 6254 "http://www.spec.org/osg/cpu95/results/rfp95.html" "Mozilla/4.0 (compatible; MSIE 4.01; Windows 95)"
209.1.33.110 - - [23/Mar/1999:01:54:11 -0500] "GET /osg/cpu95/results/res98q3/cpu95-980831-03023.html HTTP/1.1" 200 5895 "http://www.spec.org/osg/cpu95/results/cfp95.html" "Mozilla/4.0 (compatible; MSIE 4.01; Windows 95)"
128.138.242.205 - - [23/Mar/1999:01:54:14 -0500] "GET / HTTP/1.0" 304 - "-" "Mozilla/3.01 (compatible;)"
209.67.244.80 - - [23/Mar/1999:01:54:34 -0500] "GET /osg/web96/tunings/ HTTP/1.0" 200 3251 "-" "FAST-WebCrawler/0.3 (crawler@fast.no)"
158.227.228.50 - - [23/Mar/1999:01:54:49 -0500] "GET /osg/cpu95/results/res96q3/cpu95-960718-01077.html HTTP/1.0" 200 5759 "http://open.specbench.org/osg/cpu95/results/cfp95.html" "Mozilla/3.01Gold (X11; I; SunOS 5.5 sun4u)"
158.227.228.50 - - [23/Mar/1999:01:55:22 -0500] "GET /osg/cpu95/results/res99q1/ HTTP/1.0" 200 27562 "http://open.specbench.org/osg/cpu95/results/" "Mozilla/3.01Gold (X11; I; SunOS 5.5 sun4u)"
203.141.89.166 - - [23/Mar/1999:01:55:25 -0500] "GET / HTTP/1.0" 200 7724 "http://w3.hakozaki.ibm.com/" "Mozilla/4.04 [en] (Win95; I)"
203.141.89.168 - - [23/Mar/1999:01:55:41 -0500] "GET /results.html HTTP/1.0" 200 3839 "http://www.specbench.org/" "Mozilla/4.04 [en] (Win95; I)"
203.141.89.167 - - [23/Mar/1999:01:55:56 -0500] "GET /osg/cpu95/results/ HTTP/1.0" 200 3114 "http://www.specbench.org/results.html" "Mozilla/4.04 [en] (Win95; I)"
195.2.75.5 - - [23/Mar/1999:01:56:05 -0500] "GET /gpc/opc.static/overview.html HTTP/1.0" 200 5856 "http://www.newmedia.com/NewMedia/96/11/td/PC_3D_Accelerator.html" "Mozilla/4.0 (compatible; MSIE 4.0; Windows NT)"
195.2.75.5 - - [23/Mar/1999:01:56:06 -0500] "GET /gpc/image/news2.gif HTTP/1.0" 200 2507 "http://www.specbench.org/gpc/opc.static/overview.html" "Mozilla/4.0 (compatible; MSIE 4.0; Windows NT)"
195.2.75.5 - - [23/Mar/1999:01:56:06 -0500] "GET /gpc/image/opc2.gif HTTP/1.0" 200 4395 "http://www.specbench.org/gpc/opc.static/overview.html" "Mozilla/4.0 (compatible; MSIE 4.0; Windows NT)"
203.141.89.176 - - [23/Mar/1999:01:56:08 -0500] "GET /osg/cpu95/results/res96q3/ HTTP/1.0" 200 48112 "http://www.specbench.org/osg/cpu95/results/" "Mozilla/4.5 [ja] (WinNT; I)"
203.141.89.167 - - [23/Mar/1999:01:56:08 -0500] "GET /osg/cpu95/results/cint95.html HTTP/1.0" 304 - "http://www.specbench.org/osg/cpu95/results/" "Mozilla/4.04 [en] (Win95; I)"
157.205.32.47 - - [23/Mar/1999:01:56:10 -0500] "GET /osg/sfs93/results/res98q1/ HTTP/1.0" 200 2681 "http://www.specbench.org/osg/sfs93/results/" "Mozilla/4.04 [en] (X11; I; SunOS 5.6 sun4m)"
210.115.229.125 - - [23/Mar/1999:01:56:16 -0500] "GET /gpc HTTP/1.0" 301 228 "http://myhome.shinbiro.com/~funky2/special/s_viewperf.htm" "Teleport Pro/1.28"
210.115.229.125 - - [23/Mar/1999:01:56:19 -0500] "GET /robots.txt HTTP/1.0" 200 117 "-" "-"
157.205.32.47 - - [23/Mar/1999:01:56:25 -0500] "GET /cgi-bin/osgresults?conf=laddis HTTP/1.0" 200 4522 "http://www.specbench.org/osg/sfs93/results/" "Mozilla/4.04 [en] (X11; I; SunOS 5.6 sun4m)"
133.145.224.6 - - [23/Mar/1999:01:56:59 -0500] "GET /osg/cpu95/results/res98q3/cpu95-980718-02901.html HTTP/1.0" 200 6706 "http://www.spec.org/osg/cpu95/results/rfp95.html" "Mozilla/4.0 (compatible; MSIE 4.01; Windows 95)"
158.227.228.50 - - [23/Mar/1999:01:57:10 -0500] "GET /cgi-bin/osgresults?conf=cpu95 HTTP/1.0" 200 4424 "http://open.specbench.org/osg/cpu95/results/" "Mozilla/3.01Gold (X11; I; SunOS 5.5 sun4u)"
157.205.32.47 - - [23/Mar/1999:01:57:24 -0500] "POST /cgi-bin/osgresults HTTP/1.0" 200 6132 "http://www.specbench.org/cgi-bin/osgresults?conf=laddis" "Mozilla/4.04 [en] (X11; I; SunOS 5.6 sun4m)"
195.101.38.190 - - [23/Mar/1999:01:57:28 -0500] "GET /osg/cpu95/results/res99q1/ HTTP/1.0" 304 - "-" "Mozilla/4.08 [fr] (WinNT; I)"
158.227.228.50 - - [23/Mar/1999:01:57:30 -0500] "POST /cgi-bin/osgresults HTTP/1.0" 200 105354 "http://open.specbench.org/cgi-bin/osgresults?conf=cpu95" "Mozilla/3.01Gold (X11; I; SunOS 5.5 sun4u)"
203.141.89.167 - - [23/Mar/1999:01:57:39 -0500] "GET /osg/cpu95/results/cpu95.html HTTP/1.0" 200 572614 "http://www.specbench.org/osg/cpu95/results/" "Mozilla/4.5 [ja] (WinNT; I)"
203.141.89.166 - - [23/Mar/1999:01:57:39 -0500] "GET /osg/cpu95/results/res97q2/ HTTP/1.0" 200 44209 "http://www.specbench.org/osg/cpu95/results/" "Mozilla/4.5 [ja] (WinNT; I)"
133.145.224.6 - - [23/Mar/1999:01:57:55 -0500] "GET /osg/cpu95/results/res97q3/cpu95-970819-02045.html HTTP/1.0" 200 6147 "http://www.spec.org/osg/cpu95/results/cint95.html" "Mozilla/4.0 (compatible; MSIE 4.01; Windows 95)"
202.239.94.38 - - [23/Mar/1999:01:57:56 -0500] "GET /gpc/apc.static/index.html HTTP/1.0" 200 3536 "http://www.specbench.org/gpc/opc.static/index.html" "Mozilla/4.0 (compatible; MSIE 4.01; Windows 98)"
202.102.245.96 - - [23/Mar/1999:01:58:00 -0500] "GET /osg/web96/notes.html HTTP/1.0" 200 3432 "http://www.specbench.org/osg/web96/" "Mozilla/4.5 [en] (Win95; I)"
