203.19.210.10 - - [23/Mar/1999:01:03:19 -0500] "GET /osg/web96/results/res99q1/web96-981228-03233.html HTTP/1.0" 200 32234 "http://www.spec.org/osg/web96/results/res99q1/" "Mozilla/4.0 (compatible; MSIE 4.01; Windows 95)"
203.19.210.10 - - [23/Mar/1999:01:03:27 -0500] "GET /osg/web96/results/res99q1/web96-981228-03233.gif HTTP/1.0" 200 2512 "http://www.spec.org/osg/web96/results/res99q1/web96-981228-03233.html" "Mozilla/4.0 (compatible; MSIE 4.01; Windows 95)"
209.67.244.80 - - [23/Mar/1999:01:03:55 -0500] "GET /osg/cpu95/rules/RUNRULES.txt HTTP/1.0" 200 22732 "-" "FAST-WebCrawler/0.3 (crawler@fast.no)"
202.102.65.229 - - [23/Mar/1999:01:04:25 -0500] "GET / HTTP/1.0" 200 7724 "-" "Mozilla/4.0 (compatible; MSIE 4.01; Windows NT)"
24.113.31.224 - - [23/Mar/1999:01:04:26 -0500] "GET / HTTP/1.0" 200 7724 "http://www.geocities.com/SiliconValley/Sector/9295/info/pentium-vs-powerpc.html" "Mozilla/4.0 (compatible; MSIE 5.0; Windows 98)"
24.113.31.224 - - [23/Mar/1999:01:04:27 -0500] "GET /images/logo150.gif HTTP/1.0" 200 2355 "http://www.spec.org/" "Mozilla/4.0 (compatible; MSIE 5.0; Windows 98)"
202.102.65.229 - - [23/Mar/1999:01:04:29 -0500] "GET /images/logo150.gif HTTP/1.0" 200 2355 "http://www.specbench.org/" "Mozilla/4.0 (compatible; MSIE 4.01; Windows NT)"
24.113.31.224 - - [23/Mar/1999:01:04:58 -0500] "GET /results.html HTTP/1.0" 200 3839 "http://www.spec.org/" "Mozilla/4.0 (compatible; MSIE 5.0; Windows 98)"
202.102.65.229 - - [23/Mar/1999:01:05:09 -0500] "GET /spec/glossary/ HTTP/1.0" 200 26913 "http://www.specbench.org/" "Mozilla/4.0 (compatible; MSIE 4.01; Windows NT)"
24.113.31.224 - - [23/Mar/1999:01:05:11 -0500] "GET /osg/cpu95/results/ HTTP/1.0" 200 3114 "http://www.spec.org/results.html" "Mozilla/4.0 (compatible; MSIE 5.0; Windows 98)"
203.19.210.10 - - [23/Mar/1999:01:05:35 -0500] "GET /osg/jvm98/results/index.html HTTP/1.0" 200 2127 "http://www.spec.org/osg/jvm98/" "Mozilla/4.0 (compatible; MSIE 4.01; Windows 95)"
203.19.210.10 - - [23/Mar/1999:01:05:43 -0500] "GET /osg/jvm98/results/res99q1/ HTTP/1.0" 200 2904 "http://www.spec.org/osg/jvm98/results/index.html" "Mozilla/4.0 (compatible; MSIE 4.01; Windows 95)"
203.19.210.10 - - [23/Mar/1999:01:06:06 -0500] "GET /osg/jvm98/results/res98q4/ HTTP/1.0" 200 7484 "http://www.spec.org/osg/jvm98/results/index.html" "Mozilla/4.0 (compatible; MSIE 4.01; Windows 95)"
203.19.210.10 - - [23/Mar/1999:01:07:01 -0500] "GET /osg/jvm98/results/res98q3/ HTTP/1.0" 200 7011 "http://www.spec.org/osg/jvm98/results/index.html" "Mozilla/4.0 (compatible; MSIE 4.01; Windows 95)"
203.19.210.10 - - [23/Mar/1999:01:07:02 -0500] "GET /osg/jvm98/results/res98q3/ HTTP/1.0" 200 7011 "http://www.spec.org/osg/jvm98/results/index.html" "Mozilla/4.0 (compatible; MSIE 4.01; Windows 95)"
203.19.210.10 - - [23/Mar/1999:01:07:32 -0500] "GET /osg/web96/results/res98q4/ HTTP/1.0" 200 12487 "http://www.spec.org/osg/web96/results/" "Mozilla/4.0 (compatible; MSIE 4.01; Windows 95)"
202.233.47.72 - - [23/Mar/1999:01:07:40 -0500] "GET /osg/cpu95/results/cint95.html HTTP/1.0" 200 128400 "http://www.specbench.org/osg/cpu95/results/" "Mozilla/4.5 [ja] (Win95; I)"
209.233.22.77 - - [23/Mar/1999:01:07:50 -0500] "GET / HTTP/1.1" 200 7724 "-" "Mozilla/4.0 (compatible; MSIE 5.0; Windows NT)"
209.233.22.77 - - [23/Mar/1999:01:07:51 -0500] "GET /images/logo150.gif HTTP/1.1" 200 2355 "http://www.specbench.org/" "Mozilla/4.0 (compatible; MSIE 5.0; Windows NT)"
209.233.22.77 - - [23/Mar/1999:01:07:54 -0500] "GET /osg/web96/ HTTP/1.1" 200 3078 "http://www.specbench.org/" "Mozilla/4.0 (compatible; MSIE 5.0; Windows NT)"
209.233.22.77 - - [23/Mar/1999:01:07:56 -0500] "GET /osg/web96/results/ HTTP/1.1" 200 2266 "http://www.specbench.org/osg/web96/" "Mozilla/4.0 (compatible; MSIE 5.0; Windows NT)"
209.233.22.77 - - [23/Mar/1999:01:07:58 -0500] "GET /osg/web96/results/res97q4/ HTTP/1.1" 200 4675 "http://www.specbench.org/osg/web96/results/" "Mozilla/4.0 (compatible; MSIE 5.0; Windows NT)"
209.67.244.80 - - [23/Mar/1999:01:08:00 -0500] "GET /osg/cpu95/results/res98q1/cpu95-980202-02399.ps HTTP/1.0" 200 42721 "-" "FAST-WebCrawler/0.3 (crawler@fast.no)"
209.233.22.77 - - [23/Mar/1999:01:08:05 -0500] "GET /osg/web96/results/res98q1/ HTTP/1.1" 200 8159 "http://www.specbench.org/osg/web96/results/" "Mozilla/4.0 (compatible; MSIE 5.0; Windows NT)"
131.248.58.237 - - [23/Mar/1999:01:08:08 -0500] "HEAD /osg/sfs97/results/ HTTP/1.0" 200 0 "-" "Mozilla/4.51 (Macintosh; I; PPC)"
209.233.22.77 - - [23/Mar/1999:01:08:12 -0500] "GET /osg/web96/results/res98q2/ HTTP/1.1" 200 7066 "http://www.specbench.org/osg/web96/results/" "Mozilla/4.0 (compatible; MSIE 5.0; Windows NT)"
209.233.22.77 - - [23/Mar/1999:01:08:17 -0500] "GET /osg/web96/results/res98q2/web96-980406-02584.html HTTP/1.1" 200 28956 "http://www.specbench.org/osg/web96/results/res98q2/" "Mozilla/4.0 (compatible; MSIE 5.0; Windows NT)"
209.233.22.77 - - [23/Mar/1999:01:08:18 -0500] "GET /osg/web96/results/res98q2/web96-980406-02584.gif HTTP/1.1" 200 2514 "http://www.specbench.org/osg/web96/results/res98q2/web96-980406-02584.html" "Mozilla/4.0 (compatible; MSIE 5.0; Windows NT)"
131.248.58.237 - - [23/Mar/1999:01:08:22 -0500] "HEAD / HTTP/1.0" 200 0 "-" "Mozilla/4.51 (Macintosh; I; PPC)"
131.248.58.237 - - [23/Mar/1999:01:08:25 -0500] "HEAD /osg/web96/results/ HTTP/1.0" 200 0 "-" "Mozilla/4.51 (Macintosh; I; PPC)"
203.19.210.10 - - [23/Mar/1999:01:09:00 -0500] "GET /osg/web96/results/res98q4/web96-981102-03145.html HTTP/1.0" 200 28538 "http://www.spec.org/osg/web96/results/res98q4/" "Mozilla/4.0 (compatible; MSIE 4.01; Windows 95)"
133.145.224.6 - - [23/Mar/1999:01:09:08 -0500] "GET /cgi-bin/osgresults?conf=laddis HTTP/1.0" 200 4522 "http://web-ws.ebina.hitachi.co.jp/normal/perform.html" "Mozilla/4.0 (compatible; MSIE 4.01; Windows 95)"
203.19.210.10 - - [23/Mar/1999:01:09:13 -0500] "GET /osg/web96/results/res98q4/web96-981102-03145.gif HTTP/1.0" 200 2681 "http://www.spec.org/osg/web96/results/res98q4/web96-981102-03145.html" "Mozilla/4.0 (compatible; MSIE 4.01; Windows 95)"
202.102.65.229 - - [23/Mar/1999:01:09:38 -0500] "GET /results.html HTTP/1.0" 200 3839 "http://www.specbench.org/" "Mozilla/4.0 (compatible; MSIE 4.01; Windows NT)"
133.145.224.6 - - [23/Mar/1999:01:09:57 -0500] "POST /cgi-bin/osgresults HTTP/1.0" 200 3363 "http://www.specbench.org/cgi-bin/osgresults?conf=laddis" "Mozilla/4.0 (compatible; MSIE 4.01; Windows 95)"
202.33.94.189 - - [23/Mar/1999:01:10:07 -0500] "GET /gpc/opc.static/glperf~1.html HTTP/1.0" 200 3264 "http://perf.engr.sgi.com/cpugfx/gfx_overview.html" "Mozilla/4.03C-SGI [ja_euc] (X11; I; IRIX 6.3 IP32)"
202.33.94.189 - - [23/Mar/1999:01:10:08 -0500] "GET /gpc/image/news2.gif HTTP/1.0" 304 - "http://open.specbench.org/gpc/opc.static/glperf~1.html" "Mozilla/4.03C-SGI [ja_euc] (X11; I; IRIX 6.3 IP32)"
202.33.94.189 - - [23/Mar/1999:01:10:08 -0500] "GET /gpc/image/opc2.gif HTTP/1.0" 200 4395 "http://open.specbench.org/gpc/opc.static/glperf~1.html" "Mozilla/4.03C-SGI [ja_euc] (X11; I; IRIX 6.3 IP32)"
202.33.94.189 - - [23/Mar/1999:01:10:25 -0500] "GET /gpc HTTP/1.0" 301 228 "-" "Mozilla/4.03C-SGI [ja_euc] (X11; I; IRIX 6.3 IP32)"
202.33.94.189 - - [23/Mar/1999:01:10:27 -0500] "GET /gpc/ HTTP/1.0" 304 - "-" "Mozilla/4.03C-SGI [ja_euc] (X11; I; IRIX 6.3 IP32)"
202.33.94.189 - - [23/Mar/1999:01:10:27 -0500] "GET /gpc/image/cram_mbc.gif HTTP/1.0" 200 2004 "http://www.spec.org/gpc/" "Mozilla/4.03C-SGI [ja_euc] (X11; I; IRIX 6.3 IP32)"
202.33.94.189 - - [23/Mar/1999:01:10:28 -0500] "GET /gpc/image/gpcnews2.gif HTTP/1.0" 304 - "http://www.spec.org/gpc/" "Mozilla/4.03C-SGI [ja_euc] (X11; I; IRIX 6.3 IP32)"
202.33.94.189 - - [23/Mar/1999:01:10:28 -0500] "GET /gpc/image/Speclogo_sm.gif HTTP/1.0" 304 - "http://www.spec.org/gpc/" "Mozilla/4.03C-SGI [ja_euc] (X11; I; IRIX 6.3 IP32)"
202.33.94.189 - - [23/Mar/1999:01:10:28 -0500] "GET /gpc/image/cram_apc.gif HTTP/1.0" 304 - "http://www.spec.org/gpc/" "Mozilla/4.03C-SGI [ja_euc] (X11; I; IRIX 6.3 IP32)"
202.33.94.189 - - [23/Mar/1999:01:10:28 -0500] "GET /gpc/image/plb2.gif HTTP/1.0" 200 4334 "http://www.spec.org/gpc/" "Mozilla/4.03C-SGI [ja_euc] (X11; I; IRIX 6.3 IP32)"
202.33.94.189 - - [23/Mar/1999:01:10:28 -0500] "GET /gpc/image/news2.gif HTTP/1.0" 304 - "http://www.spec.org/gpc/" "Mozilla/4.03C-SGI [ja_euc] (X11; I; IRIX 6.3 IP32)"
202.33.94.189 - - [23/Mar/1999:01:10:28 -0500] "GET /gpc/image/bullet2.gif HTTP/1.0" 200 976 "http://www.spec.org/gpc/" "Mozilla/4.03C-SGI [ja_euc] (X11; I; IRIX 6.3 IP32)"
202.33.94.189 - - [23/Mar/1999:01:10:28 -0500] "GET /gpc/image/opc2.gif HTTP/1.0" 200 4395 "http://www.spec.org/gpc/" "Mozilla/4.03C-SGI [ja_euc] (X11; I; IRIX 6.3 IP32)"
171.66.164.182 - - [23/Mar/1999:01:10:28 -0500] "GET /osg/cpu95/news/cpu95metrics.html HTTP/1.0" 200 2603 "http://excitesearch.netscape.com/search.gw?lk=excite_netcenter_us&search=SPECfp" "Mozilla/4.08 [en] (WinNT; U ;Nav)"
202.33.94.189 - - [23/Mar/1999:01:10:29 -0500] "GET /gpc/image/bullet2.gif HTTP/1.0" 200 976 "http://www.spec.org/gpc/" "Mozilla/4.03C-SGI [ja_euc] (X11; I; IRIX 6.3 IP32)"
210.226.156.131 - - [23/Mar/1999:01:10:29 -0500] "GET /gpc/image/Speclogo_sm.gif HTTP/1.1" 200 2113 "http://www.intergraph.com/jp/ics/tdz/index.htm" "Mozilla/4.0 (compatible; MSIE 4.5; Mac_PowerPC)"
202.33.94.189 - - [23/Mar/1999:01:10:29 -0500] "GET /gpc/image/xpc2.gif HTTP/1.0" 200 4143 "http://www.spec.org/gpc/" "Mozilla/4.03C-SGI [ja_euc] (X11; I; IRIX 6.3 IP32)"
203.19.210.10 - - [23/Mar/1999:01:10:30 -0500] "GET /osg/sfs97/ HTTP/1.0" 200 2963 "http://www.spec.org/" "Mozilla/4.0 (compatible; MSIE 4.01; Windows 95)"
210.226.156.131 - - [23/Mar/1999:01:10:33 -0500] "GET /gpc/image/gpcnews2.gif HTTP/1.1" 200 4182 "http://www.intergraph.com/jp/ics/tdz/index.htm" "Mozilla/4.0 (compatible; MSIE 4.5; Mac_PowerPC)"
133.145.224.6 - - [23/Mar/1999:01:10:37 -0500] "POST /cgi-bin/osgresults HTTP/1.0" 200 3391 "http://www.specbench.org/cgi-bin/osgresults?conf=laddis" "Mozilla/4.0 (compatible; MSIE 4.01; Windows 95)"
203.19.210.10 - - [23/Mar/1999:01:10:46 -0500] "GET /hpg/ HTTP/1.0" 200 2750 "http://www.spec.org/" "Mozilla/4.0 (compatible; MSIE 4.01; Windows 95)"
203.19.210.10 - - [23/Mar/1999:01:10:57 -0500] "GET /gpc/ HTTP/1.0" 200 4578 "http://www.spec.org/" "Mozilla/4.0 (compatible; MSIE 4.01; Windows 95)"
133.145.224.6 - - [23/Mar/1999:01:11:02 -0500] "GET /cgi-bin/osgresults?conf=laddis HTTP/1.0" 200 4522 "http://web-ws.ebina.hitachi.co.jp/normal/perform.html" "Mozilla/4.0 (compatible; MSIE 4.01; Windows 95)"
203.19.210.10 - - [23/Mar/1999:01:11:03 -0500] "GET /gpc/image/Speclogo_sm.gif HTTP/1.0" 200 2113 "http://www.spec.org/gpc/" "Mozilla/4.0 (compatible; MSIE 4.01; Windows 95)"
202.102.65.229 - - [23/Mar/1999:01:11:05 -0500] "GET /osg/web96/results/ HTTP/1.0" 200 2266 "http://www.specbench.org/results.html" "Mozilla/4.0 (compatible; MSIE 4.01; Windows NT)"
202.33.94.189 - - [23/Mar/1999:01:11:07 -0500] "GET / HTTP/1.0" 304 - "-" "Mozilla/4.03C-SGI [ja_euc] (X11; I; IRIX 6.3 IP32)"
202.33.94.189 - - [23/Mar/1999:01:11:08 -0500] "GET /images/logo150.gif HTTP/1.0" 200 2355 "http://www.spec.org/" "Mozilla/4.03C-SGI [ja_euc] (X11; I; IRIX 6.3 IP32)"
133.145.224.6 - - [23/Mar/1999:01:11:13 -0500] "POST /cgi-bin/osgresults HTTP/1.0" 200 3375 "http://www.specbench.org/cgi-bin/osgresults?conf=laddis" "Mozilla/4.0 (compatible; MSIE 4.01; Windows 95)"
171.66.164.182 - - [23/Mar/1999:01:11:17 -0500] "GET / HTTP/1.0" 200 7724 "-" "Mozilla/4.08 [en] (WinNT; U ;Nav)"
171.66.164.182 - - [23/Mar/1999:01:11:20 -0500] "GET /images/logo150.gif HTTP/1.0" 200 2355 "http://open.specbench.org/" "Mozilla/4.08 [en] (WinNT; U ;Nav)"
171.66.164.182 - - [23/Mar/1999:01:11:31 -0500] "GET /results.html HTTP/1.0" 200 3839 "http://open.specbench.org/" "Mozilla/4.08 [en] (WinNT; U ;Nav)"
131.47.100.10 - - [23/Mar/1999:01:11:36 -0500] "GET /osg/cpu95/results/res98q3/cpu95-980817-03015.html HTTP/1.1" 200 4808 "http://www.altavista.com/cgi-bin/query?pg=q&kl=XX&q=Dell+%2B300MHz" "Mozilla/4.0 (compatible; MSIE 4.01; Windows 98)"
203.26.6.6 - - [23/Mar/1999:01:11:36 -0500] "GET /osg/news/articles/news96q1/cpubench.html HTTP/1.0" 200 2837 "http://search.go2net.com/crawler?general=cpu+benchmarks&method=0&target=&region=0&rpp=20&timeout=5&hpe=10" "Mozilla/1.22 (compatible; MSIE 2.0d; Windows NT)"
202.102.65.229 - - [23/Mar/1999:01:11:39 -0500] "GET /osg/web96/results/res99q1/ HTTP/1.0" 200 5647 "http://www.specbench.org/osg/web96/results/" "Mozilla/4.0 (compatible; MSIE 4.01; Windows NT)"
133.145.224.6 - - [23/Mar/1999:01:11:40 -0500] "POST /cgi-bin/osgresults HTTP/1.0" 200 6686 "http://www.specbench.org/cgi-bin/osgresults?conf=laddis" "Mozilla/4.0 (compatible; MSIE 4.01; Windows 95)"
202.33.94.189 - - [23/Mar/1999:01:11:41 -0500] "GET /gpc/apc.static/apcgro%7E1.html HTTP/1.0" 200 6111 "http://www.spec.org/gpc/" "Mozilla/4.03C-SGI [ja_euc] (X11; I; IRIX 6.3 IP32)"
171.66.164.182 - - [23/Mar/1999:01:11:42 -0500] "GET /osg/cpu95/results/ HTTP/1.0" 200 3114 "http://open.specbench.org/results.html" "Mozilla/4.08 [en] (WinNT; U ;Nav)"
204.123.9.123 - - [23/Mar/1999:01:11:49 -0500] "GET /osg/cpu95/results/res99q1/cpu95-19990118-03258.html HTTP/1.0" 200 5158 "-" "Scooter/2.0 G.R.A.B. V1.1.0"
163.44.224.33 - - [23/Mar/1999:01:11:50 -0500] "GET / HTTP/1.0" 200 7724 "http://cctpwww.cityu.edu.hk/computer/c_bench.htm" "Mozilla/3.0 [ja] (Win95; I)"
163.44.224.33 - - [23/Mar/1999:01:11:51 -0500] "GET /images/logo150.gif HTTP/1.0" 200 2355 "http://www.specbench.org/" "Mozilla/3.0 [ja] (Win95; I)"
171.66.164.182 - - [23/Mar/1999:01:12:04 -0500] "GET /cgi-bin/osgresults?conf=cpu95 HTTP/1.0" 200 4424 "http://open.specbench.org/osg/cpu95/results/" "Mozilla/4.08 [en] (WinNT; U ;Nav)"
202.102.65.229 - - [23/Mar/1999:01:12:06 -0500] "GET /cgi-bin/osgresults?conf=web96 HTTP/1.0" 200 4727 "http://www.specbench.org/osg/web96/results/" "Mozilla/4.0 (compatible; MSIE 4.01; Windows NT)"
171.66.164.182 - - [23/Mar/1999:01:12:13 -0500] "POST /cgi-bin/osgresults HTTP/1.0" 200 36730 "http://open.specbench.org/cgi-bin/osgresults?conf=cpu95" "Mozilla/4.08 [en] (WinNT; U ;Nav)"
204.123.9.123 - - [23/Mar/1999:01:12:33 -0500] "GET /events/ HTTP/1.0" 200 4355 "-" "Scooter/2.0 G.R.A.B. V1.1.0"
202.33.94.189 - - [23/Mar/1999:01:12:37 -0500] "GET /gpc/opc/glperf_publish/index.html HTTP/1.0" 404 227 "http://open.specbench.org/gpc/opc.static/glperf~1.html" "Mozilla/4.03C-SGI [ja_euc] (X11; I; IRIX 6.3 IP32)"
133.145.224.6 - - [23/Mar/1999:01:12:38 -0500] "POST /cgi-bin/osgresults HTTP/1.0" 200 19187 "http://www.specbench.org/cgi-bin/osgresults?conf=laddis" "Mozilla/4.0 (compatible; MSIE 4.01; Windows 95)"
204.123.9.123 - - [23/Mar/1999:01:12:50 -0500] "GET /gpc/opc.data/opc_nov98/awadvs-vendor.html HTTP/1.0" 200 19288 "-" "Scooter/2.0 G.R.A.B. V1.1.0"
202.32.8.9 - - [23/Mar/1999:01:12:54 -0500] "GET /osg/web96/results/res99q1/ HTTP/1.0" 200 5647 "http://www.specbench.org/osg/web96/results/" "Mozilla/4.0 (compatible; MSIE 4.01; Windows 95)"
163.44.224.33 - - [23/Mar/1999:01:13:02 -0500] "GET /hpg/ HTTP/1.0" 200 2750 "http://www.specbench.org/" "Mozilla/3.0 [ja] (Win95; I)"
163.44.224.33 - - [23/Mar/1999:01:13:03 -0500] "GET /hpg/new-tiny.gif HTTP/1.0" 200 116 "http://www.specbench.org/hpg/" "Mozilla/3.0 [ja] (Win95; I)"
206.152.141.76 - - [23/Mar/1999:01:13:07 -0500] "GET / HTTP/1.0" 200 7724 "http://www.rs6000.ibm.com/resource/pressreleases/1999/Feb/webperf.html" "Mozilla/4.03 [en] (Win95; I ;Nav)"
171.66.164.182 - - [23/Mar/1999:01:13:24 -0500] "GET /cgi-bin/osgresults HTTP/1.0" 200 4326 "-" "Mozilla/4.08 [en] (WinNT; U ;Nav)"
163.44.224.33 - - [23/Mar/1999:01:13:29 -0500] "GET /permuted.html HTTP/1.0" 200 82065 "http://www.specbench.org/hpg/" "Mozilla/3.0 [ja] (Win95; I)"
206.152.141.76 - - [23/Mar/1999:01:13:37 -0500] "GET /images/logo150.gif HTTP/1.0" 200 2355 "http://www.spec.org/" "Mozilla/4.03 [en] (Win95; I ;Nav)"
171.66.164.182 - - [23/Mar/1999:01:13:40 -0500] "POST /cgi-bin/osgresults HTTP/1.0" 200 74363 "http://www.spec.org/cgi-bin/osgresults" "Mozilla/4.08 [en] (WinNT; U ;Nav)"
202.247.6.22 - - [23/Mar/1999:01:14:03 -0500] "GET /cgi-bin/osgresults?conf=web96 HTTP/1.0" 200 4727 "http://www.specbench.org/osg/web96/results/" "Mozilla/4.0 (compatible; MSIE 4.01; Windows 95)"
206.152.141.76 - - [23/Mar/1999:01:14:08 -0500] "GET /osg/web96/ HTTP/1.0" 200 3078 "http://www.spec.org/" "Mozilla/4.03 [en] (Win95; I ;Nav)"
133.145.224.6 - - [23/Mar/1999:01:14:11 -0500] "GET /cgi-bin/osgresults?conf=laddis;op=form HTTP/1.0" 200 28184 "http://www.specbench.org/cgi-bin/osgresults?conf=laddis" "Mozilla/4.0 (compatible; MSIE 4.01; Windows 95)"
171.66.164.182 - - [23/Mar/1999:01:14:20 -0500] "GET /cgi-bin/osgresults?conf=cfp95 HTTP/1.0" 200 4388 "http://open.specbench.org/cgi-bin/osgresults?conf=cpu95" "Mozilla/4.08 [en] (WinNT; U ;Nav)"
202.247.6.14 - - [23/Mar/1999:01:14:24 -0500] "POST /cgi-bin/osgresults HTTP/1.0" 200 5064 "http://www.specbench.org/cgi-bin/osgresults?conf=web96" "Mozilla/4.0 (compatible; MSIE 4.01; Windows 95)"
171.66.164.182 - - [23/Mar/1999:01:14:27 -0500] "POST /cgi-bin/osgresults HTTP/1.0" 200 11943 "http://www.spec.org/cgi-bin/osgresults?conf=cfp95" "Mozilla/4.08 [en] (WinNT; U ;Nav)"
133.145.224.6 - - [23/Mar/1999:01:14:41 -0500] "GET /cgi-bin/osgresults?conf=cpu95 HTTP/1.0" 200 4424 "http://www.spec.org/cgi-bin/osgresults?conf=laddis;op=form" "Mozilla/4.0 (compatible; MSIE 4.01; Windows 95)"
206.152.141.76 - - [23/Mar/1999:01:14:52 -0500] "GET /osg/web96/results/ HTTP/1.0" 200 2266 "http://www.spec.org/osg/web96/" "Mozilla/4.03 [en] (Win95; I ;Nav)"
133.145.224.6 - - [23/Mar/1999:01:14:53 -0500] "POST /cgi-bin/osgresults HTTP/1.0" 200 105354 "http://www.spec.org/cgi-bin/osgresults?conf=cpu95" "Mozilla/4.0 (compatible; MSIE 4.01; Windows 95)"
206.152.141.76 - - [23/Mar/1999:01:15:11 -0500] "GET /osg/web96/results/res99q1/ HTTP/1.0" 200 5647 "http://www.spec.org/osg/web96/results/" "Mozilla/4.03 [en] (Win95; I ;Nav)"
171.66.164.182 - - [23/Mar/1999:01:15:12 -0500] "GET /osg/cpu95/results/res98q1/cpu95-980227-02508.html HTTP/1.0" 200 6291 "http://www.spec.org/cgi-bin/osgresults" "Mozilla/4.08 [en] (WinNT; U ;Nav)"
202.247.6.4 - - [23/Mar/1999:01:15:14 -0500] "POST /cgi-bin/osgresults HTTP/1.0" 200 4882 "http://www.specbench.org/cgi-bin/osgresults?conf=web96" "Mozilla/4.0 (compatible; MSIE 4.01; Windows 95)"
204.123.9.123 - - [23/Mar/1999:01:15:19 -0500] "GET /osg/web96/results/res97q2/ HTTP/1.0" 200 5535 "-" "Scooter/2.0 G.R.A.B. V1.1.0"
171.66.164.182 - - [23/Mar/1999:01:15:35 -0500] "POST /cgi-bin/osgresults HTTP/1.0" 200 36679 "http://open.specbench.org/cgi-bin/osgresults?conf=cpu95" "Mozilla/4.08 [en] (WinNT; U ;Nav)"
204.123.9.123 - - [23/Mar/1999:01:15:37 -0500] "GET /osg/sfs93/news/ HTTP/1.0" 200 1040 "-" "Scooter/2.0 G.R.A.B. V1.1.0"
133.145.224.6 - - [23/Mar/1999:01:15:50 -0500] "GET /osg/cpu95/results/res99q1/cpu95-19990122-03276.html HTTP/1.0" 200 6050 "http://www.spec.org/cgi-bin/osgresults" "Mozilla/4.0 (compatible; MSIE 4.01; Windows 95)"
202.247.6.14 - - [23/Mar/1999:01:15:53 -0500] "GET / HTTP/1.0" 200 7724 "-" "Mozilla/4.5 [en] (WinNT; I)"
204.123.9.123 - - [23/Mar/1999:01:15:53 -0500] "GET /osg/sfs97/results/sfs97-19990208-00002.html HTTP/1.0" 200 9985 "-" "Scooter/2.0 G.R.A.B. V1.1.0"
202.247.6.2 - - [23/Mar/1999:01:16:01 -0500] "GET /images/logo150.gif HTTP/1.0" 304 - "http://www.spec.org/" "Mozilla/4.5 [en] (WinNT; I)  via proxy gateway  CERN-HTTPD/3.0 libwww/2.17"
210.232.120.67 - - [23/Mar/1999:01:16:07 -0500] "HEAD /osg/cpu95/results/ HTTP/1.0" 200 0 "-" "WWWC/0.93 (Win32; http://www.kinet.or.jp/naka/tomo/)  via proxy gateway  CERN-HTTPD/3.0 libwww/2.17"
206.152.141.76 - - [23/Mar/1999:01:16:08 -0500] "GET /osg/web96/results/res99q1/web96-19990208-03245.html HTTP/1.0" 200 31480 "http://www.spec.org/osg/web96/results/res99q1/" "Mozilla/4.03 [en] (Win95; I ;Nav)"
204.123.9.123 - - [23/Mar/1999:01:16:14 -0500] "GET /osg/cpu95/issues/gccalloca.html HTTP/1.0" 200 1723 "-" "Scooter/2.0 G.R.A.B. V1.1.0"
206.152.141.76 - - [23/Mar/1999:01:16:29 -0500] "GET /osg/web96/results/res99q1/web96-19990208-03245.gif HTTP/1.0" 200 2411 "http://www.spec.org/osg/web96/results/res99q1/web96-19990208-03245.html" "Mozilla/4.03 [en] (Win95; I ;Nav)"
212.216.1.240 - - [23/Mar/1999:01:16:49 -0500] "GET /gpc/opc.data/opc_nov98/summary.html HTTP/1.0" 200 37026 "-" "Mozilla/4.5 [it] (Win98; I)"
212.216.1.240 - - [23/Mar/1999:01:17:27 -0500] "GET /gpc/opc.data/opc_nov98/Sun/Sun.002/cdrs/viewperf.html HTTP/1.0" 200 10172 "http://www.specbench.org/gpc/opc.data/opc_nov98/summary.html" "Mozilla/4.5 [it] (Win98; I)"
212.216.1.240 - - [23/Mar/1999:01:17:27 -0500] "GET /gpc/opc.data/opc_nov98/Sun/Sun.002/dx/viewperf.html HTTP/1.0" 200 12022 "http://www.specbench.org/gpc/opc.data/opc_nov98/summary.html" "Mozilla/4.5 [it] (Win98; I)"
212.216.1.240 - - [23/Mar/1999:01:17:27 -0500] "GET /gpc/opc.data/opc_nov98/Sun/Sun.002/config.html HTTP/1.0" 200 4558 "http://www.specbench.org/gpc/opc.data/opc_nov98/summary.html" "Mozilla/4.5 [it] (Win98; I)"
212.216.1.240 - - [23/Mar/1999:01:17:27 -0500] "GET /gpc/opc.data/opc_nov98/Sun/Sun.001/dx/viewperf.html HTTP/1.0" 200 12031 "http://www.specbench.org/gpc/opc.data/opc_nov98/summary.html" "Mozilla/4.5 [it] (Win98; I)"
53.122.34.113 - - [23/Mar/1999:01:17:30 -0500] "GET /osg/cpu95/results/res99q1/ HTTP/1.0" 304 - "http://www.specbench.org/osg/cpu95/results/" "Mozilla/4.0 (compatible; MSIE 4.01; Windows NT)"
202.239.94.38 - - [23/Mar/1999:01:17:39 -0500] "GET /gpc/opc.static/index.html HTTP/1.0" 304 - "-" "Mozilla/4.0 (compatible; MSIE 4.01; Windows 98)"
202.239.94.50 - - [23/Mar/1999:01:17:47 -0500] "GET /gpc/image/news2.gif HTTP/1.0" 200 2507 "http://www.specbench.org/gpc/opc.static/index.html" "Mozilla/4.0 (compatible; MSIE 4.01; Windows 98)"
202.239.94.50 - - [23/Mar/1999:01:17:47 -0500] "GET /gpc/image/bullet.gif HTTP/1.0" 200 906 "http://www.specbench.org/gpc/opc.static/index.html" "Mozilla/4.0 (compatible; MSIE 4.01; Windows 98)"
202.239.94.38 - - [23/Mar/1999:01:17:50 -0500] "GET /gpc/image/opc2.gif HTTP/1.0" 200 4395 "http://www.specbench.org/gpc/opc.static/index.html" "Mozilla/4.0 (compatible; MSIE 4.01; Windows 98)"
133.145.224.6 - - [23/Mar/1999:01:17:51 -0500] "GET /osg/cpu95/results/res99q1/cpu95-19990122-03270.html HTTP/1.0" 200 6218 "http://www.spec.org/cgi-bin/osgresults" "Mozilla/4.0 (compatible; MSIE 4.01; Windows 95)"
212.216.1.240 - - [23/Mar/1999:01:17:53 -0500] "GET /gpc/opc.data/opc_nov98/Intergraph/TDZ2000D-GX1.I3D4000/config.html HTTP/1.0" 200 4609 "http://www.specbench.org/gpc/opc.data/opc_nov98/summary.html#Intergraph" "Mozilla/4.5 [it] (Win98; I)"
212.216.1.240 - - [23/Mar/1999:01:17:55 -0500] "GET /gpc/opc.data/opc_nov98/Intergraph/TDZ2000D-GX1.I3D4000/./drv/viewperf.html HTTP/1.0" 200 10178 "http://www.specbench.org/gpc/opc.data/opc_nov98/Intergraph/TDZ2000D-GX1.I3D4000/config.html" "Mozilla/4.5 [it] (Win98; I)"
204.123.9.20 - - [23/Mar/1999:01:18:09 -0500] "GET /osg/cpu95/results/res97q3/cpu95-970623-01964.html HTTP/1.0" 200 5105 "-" "Scooter/2.0 G.R.A.B. V1.1.0"
202.239.94.38 - - [23/Mar/1999:01:18:15 -0500] "GET /gpc/opc.static/opcview.html HTTP/1.0" 200 3785 "http://www.specbench.org/gpc/opc.static/index.html" "Mozilla/4.0 (compatible; MSIE 4.01; Windows 98)"
212.216.1.240 - - [23/Mar/1999:01:18:54 -0500] "GET /gpc/opc.data/opc_nov98/Intergraph/TDZ2000D-GX1.I3D4000/./../bin/viewperf.exe HTTP/1.0" 200 553905 "http://www.specbench.org/gpc/opc.data/opc_nov98/Intergraph/TDZ2000D-GX1.I3D4000/config.html" "Mozilla/4.5 [it] (Win98; I)"
212.216.1.240 - - [23/Mar/1999:01:18:55 -0500] "GET /gpc/opc.data/ HTTP/1.0" 200 722 "-" "Mozilla/4.5 [it] (Win98; I)"
212.216.1.240 - - [23/Mar/1999:01:18:57 -0500] "GET ?N=D HTTP/1.0" 200 7724 "http://www.specbench.org/gpc/opc.data/" "Mozilla/4.5 [it] (Win98; I)"
212.216.1.240 - - [23/Mar/1999:01:18:57 -0500] "GET ?M=A HTTP/1.0" 200 7724 "http://www.specbench.org/gpc/opc.data/" "Mozilla/4.5 [it] (Win98; I)"
212.216.1.240 - - [23/Mar/1999:01:18:57 -0500] "GET ?S=A HTTP/1.0" 200 7724 "http://www.specbench.org/gpc/opc.data/" "Mozilla/4.5 [it] (Win98; I)"
212.216.1.240 - - [23/Mar/1999:01:18:57 -0500] "GET /gpc/opc.data/opc_nov98/Intergraph/TDZ2000D-GX1.I3D4000/./../bin/viewperf.exe HTTP/1.0" 200 50065 "http://www.specbench.org/gpc/opc.data/opc_nov98/Intergraph/TDZ2000D-GX1.I3D4000/config.html" "Mozilla/4.5 [it] (Win98; I)"
212.216.1.240 - - [23/Mar/1999:01:18:57 -0500] "GET /icons/back.gif HTTP/1.0" 200 216 "http://www.specbench.org/gpc/opc.data/" "Mozilla/4.5 [it] (Win98; I)"
212.216.1.240 - - [23/Mar/1999:01:18:58 -0500] "GET /icons/blank.gif HTTP/1.0" 200 148 "http://www.specbench.org/gpc/opc.data/" "Mozilla/4.5 [it] (Win98; I)"
212.216.1.240 - - [23/Mar/1999:01:18:58 -0500] "GET /icons/folder.gif HTTP/1.0" 200 225 "http://www.specbench.org/gpc/opc.data/" "Mozilla/4.5 [it] (Win98; I)"
212.216.1.240 - - [23/Mar/1999:01:18:59 -0500] "GET ?N=D HTTP/1.0" 200 7724 "http://www.specbench.org/gpc/opc.data/" "Mozilla/4.5 [it] (Win98; I)"
212.216.1.240 - - [23/Mar/1999:01:18:59 -0500] "GET ?M=A HTTP/1.0" 200 7724 "http://www.specbench.org/gpc/opc.data/" "Mozilla/4.5 [it] (Win98; I)"
212.216.1.240 - - [23/Mar/1999:01:18:59 -0500] "GET ?S=A HTTP/1.0" 200 7724 "http://www.specbench.org/gpc/opc.data/" "Mozilla/4.5 [it] (Win98; I)"
212.216.1.240 - - [23/Mar/1999:01:19:13 -0500] "GET /gpc/opc.data/opc_nov98/Intergraph/TDZ2000D-GX1.I3D4000/./../bin/viewperf.exe HTTP/1.0" 200 50601 "http://www.specbench.org/gpc/opc.data/opc_nov98/Intergraph/TDZ2000D-GX1.I3D4000/config.html" "Mozilla/4.5 [it] (Win98; I)"
212.216.1.240 - - [23/Mar/1999:01:19:14 -0500] "GET /gpc/ HTTP/1.0" 200 4578 "http://www.specbench.org/gpc/opc.data/" "Mozilla/4.5 [it] (Win98; I)"
62.156.57.79 - - [23/Mar/1999:01:19:14 -0500] "GET / HTTP/1.0" 200 7724 "-" "OmniWeb/3.0-beta-8b OmniAppKit/1998G HTTPS/1.04a OmniNetworking/1998G OIF/1998G OWF/1998G OmniBase/1998G OmniFoundation/1998G OmniHTML/1998G"
212.216.1.240 - - [23/Mar/1999:01:19:16 -0500] "GET ?M=A HTTP/1.0" 200 7724 "http://www.specbench.org/gpc/opc.data/" "Mozilla/4.5 [it] (Win98; I)"
212.216.1.240 - - [23/Mar/1999:01:19:16 -0500] "GET ?S=A HTTP/1.0" 200 7724 "http://www.specbench.org/gpc/opc.data/" "Mozilla/4.5 [it] (Win98; I)"
212.216.1.240 - - [23/Mar/1999:01:19:16 -0500] "GET ?N=D HTTP/1.0" 200 7724 "http://www.specbench.org/gpc/opc.data/" "Mozilla/4.5 [it] (Win98; I)"
212.216.1.240 - - [23/Mar/1999:01:19:17 -0500] "GET /gpc/opc.data/opc_nov98/Intergraph/TDZ2000D-GX1.I3D4000/./../bin/viewperf.exe HTTP/1.0" 200 50065 "http://www.specbench.org/gpc/opc.data/opc_nov98/Intergraph/TDZ2000D-GX1.I3D4000/config.html" "Mozilla/4.5 [it] (Win98; I)"
212.216.1.240 - - [23/Mar/1999:01:19:17 -0500] "GET /gpc/image/gpcnews2.gif HTTP/1.0" 200 4182 "http://www.specbench.org/gpc/" "Mozilla/4.5 [it] (Win98; I)"
212.216.1.240 - - [23/Mar/1999:01:19:17 -0500] "GET /gpc/image/Speclogo_sm.gif HTTP/1.0" 200 2113 "http://www.specbench.org/gpc/" "Mozilla/4.5 [it] (Win98; I)"
212.216.1.240 - - [23/Mar/1999:01:19:17 -0500] "GET /gpc/image/cram_apc.gif HTTP/1.0" 200 1940 "http://www.specbench.org/gpc/" "Mozilla/4.5 [it] (Win98; I)"
62.156.57.79 - - [23/Mar/1999:01:19:18 -0500] "GET /images/logo150.gif HTTP/1.0" 200 2355 "http://www.specbench.org/" "OmniWeb/3.0-beta-8b OmniAppKit/1998G HTTPS/1.04a OmniNetworking/1998G OIF/1998G OWF/1998G OmniBase/1998G OmniFoundation/1998G OmniHTML/1998G"
212.216.1.240 - - [23/Mar/1999:01:19:20 -0500] "GET /gpc/image/cram_mbc.gif HTTP/1.0" 200 2004 "http://www.specbench.org/gpc/" "Mozilla/4.5 [it] (Win98; I)"
212.216.1.240 - - [23/Mar/1999:01:19:22 -0500] "GET /gpc/image/plb2.gif HTTP/1.0" 200 4334 "http://www.specbench.org/gpc/" "Mozilla/4.5 [it] (Win98; I)"
212.216.1.240 - - [23/Mar/1999:01:19:23 -0500] "GET /gpc/image/news2.gif HTTP/1.0" 200 2507 "http://www.specbench.org/gpc/" "Mozilla/4.5 [it] (Win98; I)"
212.216.1.240 - - [23/Mar/1999:01:19:25 -0500] "GET /gpc/image/bullet2.gif HTTP/1.0" 200 976 "http://www.specbench.org/gpc/" "Mozilla/4.5 [it] (Win98; I)"
212.216.1.240 - - [23/Mar/1999:01:19:25 -0500] "GET /gpc/image/opc2.gif HTTP/1.0" 200 4395 "http://www.specbench.org/gpc/" "Mozilla/4.5 [it] (Win98; I)"
212.216.1.240 - - [23/Mar/1999:01:19:28 -0500] "GET /gpc/image/xpc2.gif HTTP/1.0" 200 4143 "http://www.specbench.org/gpc/" "Mozilla/4.5 [it] (Win98; I)"
133.145.224.6 - - [23/Mar/1999:01:19:28 -0500] "POST /cgi-bin/osgresults HTTP/1.0" 200 3813 "http://www.spec.org/cgi-bin/osgresults?conf=cpu95" "Mozilla/4.0 (compatible; MSIE 4.01; Windows 95)"
212.216.1.240 - - [23/Mar/1999:01:19:30 -0500] "GET ?N=D HTTP/1.0" 200 7724 "http://www.specbench.org/gpc/opc.data/" "Mozilla/4.5 [it] (Win98; I)"
212.216.1.240 - - [23/Mar/1999:01:19:30 -0500] "GET ?M=A HTTP/1.0" 200 7724 "http://www.specbench.org/gpc/opc.data/" "Mozilla/4.5 [it] (Win98; I)"
212.216.1.240 - - [23/Mar/1999:01:19:30 -0500] "GET ?S=A HTTP/1.0" 200 7724 "http://www.specbench.org/gpc/opc.data/" "Mozilla/4.5 [it] (Win98; I)"
212.216.1.240 - - [23/Mar/1999:01:19:35 -0500] "GET /gpc/publish/guest.html HTTP/1.0" 200 2856 "http://www.specbench.org/gpc/" "Mozilla/4.5 [it] (Win98; I)"
212.216.1.240 - - [23/Mar/1999:01:19:35 -0500] "GET /gpc/publish/resource.html HTTP/1.0" 200 2351 "http://www.specbench.org/gpc/" "Mozilla/4.5 [it] (Win98; I)"
212.216.1.240 - - [23/Mar/1999:01:19:35 -0500] "GET /gpc/publish/form.html HTTP/1.0" 200 5881 "http://www.specbench.org/gpc/" "Mozilla/4.5 [it] (Win98; I)"
17.83.166.12 - - [23/Mar/1999:01:19:36 -0500] "GET /osg/cpu95/results/cfp95.html HTTP/1.0" 200 138939 "http://www.keyman.or.jp/cgi-bin/bv.cgi?BV_EngineID=ealeedgddjmbeggcfnicggkdgln.1&BV_SessionID=1691569487&BV_Operation=Dyn_SmartLinkReceive&form%25destination=/cgi-bin/kperl/keynavi/product/117694.html%3fmemid%3douch%26keyid%3d926254%26prodid%3d117694&form%25destination_type=url" "Mozilla/4.5 (Macintosh; I; PPC)"
212.216.1.240 - - [23/Mar/1999:01:19:39 -0500] "GET /gpc/publish/meetings.html HTTP/1.0" 200 2109 "http://www.specbench.org/gpc/" "Mozilla/4.5 [it] (Win98; I)"
210.130.177.125 - - [23/Mar/1999:01:19:40 -0500] "GET / HTTP/1.0" 200 7724 "-" "Mozilla/3.0 [ja] (WinNT; I)"
212.216.1.240 - - [23/Mar/1999:01:19:41 -0500] "GET /gpc/publish/about.html HTTP/1.0" 200 1773 "http://www.specbench.org/gpc/" "Mozilla/4.5 [it] (Win98; I)"
212.216.1.240 - - [23/Mar/1999:01:19:42 -0500] "GET /gpc/publish/index.html HTTP/1.0" 200 1553 "http://www.specbench.org/gpc/" "Mozilla/4.5 [it] (Win98; I)"
210.130.177.125 - - [23/Mar/1999:01:19:42 -0500] "GET /images/logo150.gif HTTP/1.0" 200 2355 "http://www.specbench.org/" "Mozilla/3.0 [ja] (WinNT; I)"
212.216.1.240 - - [23/Mar/1999:01:19:46 -0500] "GET /gpc/publish/pastnews.html HTTP/1.0" 200 4361 "http://www.specbench.org/gpc/" "Mozilla/4.5 [it] (Win98; I)"
212.216.1.240 - - [23/Mar/1999:01:19:46 -0500] "GET /gpc/publish/newsched99.html HTTP/1.0" 200 4410 "http://www.specbench.org/gpc/" "Mozilla/4.5 [it] (Win98; I)"
210.130.177.125 - - [23/Mar/1999:01:19:47 -0500] "GET /results.html HTTP/1.0" 200 3839 "http://www.specbench.org/" "Mozilla/3.0 [ja] (WinNT; I)"
212.216.1.240 - - [23/Mar/1999:01:19:48 -0500] "GET /gpc/publish/96repfee.html HTTP/1.0" 200 6917 "http://www.specbench.org/gpc/" "Mozilla/4.5 [it] (Win98; I)"
212.216.1.240 - - [23/Mar/1999:01:19:49 -0500] "GET /gpc/apc.static/apcgro%7E1.html HTTP/1.0" 200 6111 "http://www.specbench.org/gpc/" "Mozilla/4.5 [it] (Win98; I)"
212.216.1.240 - - [23/Mar/1999:01:19:50 -0500] "GET /gpc/opc.static/viewperf-prodre.html HTTP/1.0" 200 3734 "http://www.specbench.org/gpc/" "Mozilla/4.5 [it] (Win98; I)"
212.216.1.240 - - [23/Mar/1999:01:19:51 -0500] "GET /gpc/publish/delay.html HTTP/1.0" 200 1636 "http://www.specbench.org/gpc/" "Mozilla/4.5 [it] (Win98; I)"
212.216.1.240 - - [23/Mar/1999:01:19:53 -0500] "GET /gpc/opc.data/opc_nov98/Intergraph/TDZ2000D-GX1.I3D4000/./../bin/viewperf.exe HTTP/1.0" 200 149761 "http://www.specbench.org/gpc/opc.data/opc_nov98/Intergraph/TDZ2000D-GX1.I3D4000/config.html" "Mozilla/4.5 [it] (Win98; I)"
212.216.1.240 - - [23/Mar/1999:01:19:54 -0500] "GET /gpc/publish/cdrsretire.html HTTP/1.0" 200 4786 "http://www.specbench.org/gpc/" "Mozilla/4.5 [it] (Win98; I)"
212.216.1.240 - - [23/Mar/1999:01:20:00 -0500] "GET /gpc/opc.static/viewperf-prodre.html HTTP/1.0" 200 3734 "http://www.specbench.org/gpc/" "Mozilla/4.5 [it] (Win98; I)"
212.216.1.240 - - [23/Mar/1999:01:20:00 -0500] "GET /gpc/publish/delay.html HTTP/1.0" 200 1636 "http://www.specbench.org/gpc/" "Mozilla/4.5 [it] (Win98; I)"
212.216.1.240 - - [23/Mar/1999:01:20:00 -0500] "GET /gpc/apc.static/apcgro%7E1.html HTTP/1.0" 200 6111 "http://www.specbench.org/gpc/" "Mozilla/4.5 [it] (Win98; I)"
210.130.177.125 - - [23/Mar/1999:01:20:01 -0500] "GET /osg/cpu95/results/ HTTP/1.0" 200 3114 "http://www.specbench.org/results.html" "Mozilla/3.0 [ja] (WinNT; I)"
212.216.1.240 - - [23/Mar/1999:01:20:01 -0500] "GET /gpc/publish/../xpc.static/index.html HTTP/1.0" 200 2437 "http://www.specbench.org/gpc/publish/cdrsretire.html" "Mozilla/4.5 [it] (Win98; I)"
192.127.94.7 - - [23/Mar/1999:01:20:02 -0500] "GET /osg/web96/results/res98q3 HTTP/1.0" 301 250 "-" "Mozilla/4.04 [en] (Win95; I)"
212.216.1.240 - - [23/Mar/1999:01:20:03 -0500] "GET /gpc/publish/../mbc.static/index.html HTTP/1.0" 200 1370 "http://www.specbench.org/gpc/publish/cdrsretire.html" "Mozilla/4.5 [it] (Win98; I)"
212.216.1.240 - - [23/Mar/1999:01:20:03 -0500] "GET /gpc/publish/../plb.static/index.html HTTP/1.0" 200 2537 "http://www.specbench.org/gpc/publish/cdrsretire.html" "Mozilla/4.5 [it] (Win98; I)"
62.156.57.79 - - [23/Mar/1999:01:20:03 -0500] "GET /gpc/ HTTP/1.0" 200 4578 "http://www.specbench.org/" "OmniWeb/3.0-beta-8b OmniAppKit/1998G HTTPS/1.04a OmniNetworking/1998G OIF/1998G OWF/1998G OmniBase/1998G OmniFoundation/1998G OmniHTML/1998G"
212.216.1.240 - - [23/Mar/1999:01:20:05 -0500] "GET /gpc/publish/../apc.static/index.html HTTP/1.0" 200 3536 "http://www.specbench.org/gpc/publish/cdrsretire.html" "Mozilla/4.5 [it] (Win98; I)"
192.127.94.7 - - [23/Mar/1999:01:20:06 -0500] "GET /osg/web96/results/res98q3/ HTTP/1.0" 200 6574 "-" "Mozilla/4.04 [en] (Win95; I)"
212.216.1.240 - - [23/Mar/1999:01:20:06 -0500] "GET /gpc/publish/../index.html HTTP/1.0" 200 4578 "http://www.specbench.org/gpc/publish/cdrsretire.html" "Mozilla/4.5 [it] (Win98; I)"
62.156.57.79 - - [23/Mar/1999:01:20:06 -0500] "GET /gpc/image/Speclogo_sm.gif HTTP/1.0" 200 2113 "http://www.specbench.org/gpc/" "OmniWeb/3.0-beta-8b OmniAppKit/1998G HTTPS/1.04a OmniNetworking/1998G OIF/1998G OWF/1998G OmniBase/1998G OmniFoundation/1998G OmniHTML/1998G"
62.156.57.79 - - [23/Mar/1999:01:20:06 -0500] "GET /gpc/image/gpcnews2.gif HTTP/1.0" 200 4182 "http://www.specbench.org/gpc/" "OmniWeb/3.0-beta-8b OmniAppKit/1998G HTTPS/1.04a OmniNetworking/1998G OIF/1998G OWF/1998G OmniBase/1998G OmniFoundation/1998G OmniHTML/1998G"
62.156.57.79 - - [23/Mar/1999:01:20:06 -0500] "GET /gpc/image/cram_apc.gif HTTP/1.0" 200 1940 "http://www.specbench.org/gpc/" "OmniWeb/3.0-beta-8b OmniAppKit/1998G HTTPS/1.04a OmniNetworking/1998G OIF/1998G OWF/1998G OmniBase/1998G OmniFoundation/1998G OmniHTML/1998G"
62.156.57.79 - - [23/Mar/1999:01:20:07 -0500] "GET /gpc/image/cram_mbc.gif HTTP/1.0" 200 2004 "http://www.specbench.org/gpc/" "OmniWeb/3.0-beta-8b OmniAppKit/1998G HTTPS/1.04a OmniNetworking/1998G OIF/1998G OWF/1998G OmniBase/1998G OmniFoundation/1998G OmniHTML/1998G"
62.156.57.79 - - [23/Mar/1999:01:20:07 -0500] "GET /gpc/image/xpc2.gif HTTP/1.0" 200 4143 "http://www.specbench.org/gpc/" "OmniWeb/3.0-beta-8b OmniAppKit/1998G HTTPS/1.04a OmniNetworking/1998G OIF/1998G OWF/1998G OmniBase/1998G OmniFoundation/1998G OmniHTML/1998G"
62.156.57.79 - - [23/Mar/1999:01:20:07 -0500] "GET /gpc/image/opc2.gif HTTP/1.0" 200 4395 "http://www.specbench.org/gpc/" "OmniWeb/3.0-beta-8b OmniAppKit/1998G HTTPS/1.04a OmniNetworking/1998G OIF/1998G OWF/1998G OmniBase/1998G OmniFoundation/1998G OmniHTML/1998G"
62.156.57.79 - - [23/Mar/1999:01:20:07 -0500] "GET /gpc/image/plb2.gif HTTP/1.0" 200 4334 "http://www.specbench.org/gpc/" "OmniWeb/3.0-beta-8b OmniAppKit/1998G HTTPS/1.04a OmniNetworking/1998G OIF/1998G OWF/1998G OmniBase/1998G OmniFoundation/1998G OmniHTML/1998G"
212.216.1.240 - - [23/Mar/1999:01:20:08 -0500] "GET /gpc/publish/news.html HTTP/1.0" 200 2869 "http://www.specbench.org/gpc/" "Mozilla/4.5 [it] (Win98; I)"
62.156.57.79 - - [23/Mar/1999:01:20:08 -0500] "GET /gpc/image/news2.gif HTTP/1.0" 200 2507 "http://www.specbench.org/gpc/" "OmniWeb/3.0-beta-8b OmniAppKit/1998G HTTPS/1.04a OmniNetworking/1998G OIF/1998G OWF/1998G OmniBase/1998G OmniFoundation/1998G OmniHTML/1998G"
62.156.57.79 - - [23/Mar/1999:01:20:08 -0500] "GET /gpc/image/bullet2.gif HTTP/1.0" 200 976 "http://www.specbench.org/gpc/" "OmniWeb/3.0-beta-8b OmniAppKit/1998G HTTPS/1.04a OmniNetworking/1998G OIF/1998G OWF/1998G OmniBase/1998G OmniFoundation/1998G OmniHTML/1998G"
133.145.224.6 - - [23/Mar/1999:01:20:08 -0500] "POST /cgi-bin/osgresults HTTP/1.0" 200 168060 "http://www.spec.org/cgi-bin/osgresults?conf=cpu95" "Mozilla/4.0 (compatible; MSIE 4.01; Windows 95)"
212.216.1.240 - - [23/Mar/1999:01:20:10 -0500] "GET /gpc/opc.static/../xpc.static/index.html HTTP/1.0" 200 2437 "http://www.specbench.org/gpc/opc.static/viewperf-prodre.html" "Mozilla/4.5 [it] (Win98; I)"
17.83.166.12 - - [23/Mar/1999:01:20:11 -0500] "GET / HTTP/1.0" 200 7724 "-" "Mozilla/4.5 (Macintosh; I; PPC)"
17.83.166.12 - - [23/Mar/1999:01:20:13 -0500] "GET /images/logo150.gif HTTP/1.0" 200 2355 "http://www.specbench.org/" "Mozilla/4.5 (Macintosh; I; PPC)"
212.216.1.240 - - [23/Mar/1999:01:20:13 -0500] "GET /gpc/opc.static/../plb.static/index.html HTTP/1.0" 200 2537 "http://www.specbench.org/gpc/opc.static/viewperf-prodre.html" "Mozilla/4.5 [it] (Win98; I)"
212.216.1.240 - - [23/Mar/1999:01:20:13 -0500] "GET /gpc/opc.static/../mbc.static/index.html HTTP/1.0" 200 1370 "http://www.specbench.org/gpc/opc.static/viewperf-prodre.html" "Mozilla/4.5 [it] (Win98; I)"
210.130.177.125 - - [23/Mar/1999:01:20:13 -0500] "GET /osg/cpu95/results/cfp95.html HTTP/1.0" 200 138939 "http://www.specbench.org/osg/cpu95/results/" "Mozilla/3.0 [ja] (WinNT; I)"
210.132.41.73 - - [23/Mar/1999:01:20:17 -0500] "GET /gpc/image/Speclogo_sm.gif HTTP/1.1" 200 2113 "http://www.intergraph.com/jp/ics/tdz/index.htm" "Mozilla/4.0 (compatible; MSIE 4.01; Windows NT)"
210.132.41.73 - - [23/Mar/1999:01:20:17 -0500] "GET /gpc/image/gpcnews2.gif HTTP/1.1" 200 4182 "http://www.intergraph.com/jp/ics/tdz/index.htm" "Mozilla/4.0 (compatible; MSIE 4.01; Windows NT)"
212.216.1.240 - - [23/Mar/1999:01:20:17 -0500] "GET /gpc/opc.static/../apc.static/index.html HTTP/1.0" 200 3536 "http://www.specbench.org/gpc/opc.static/viewperf-prodre.html" "Mozilla/4.5 [it] (Win98; I)"
212.216.1.240 - - [23/Mar/1999:01:20:18 -0500] "GET /gpc/opc.static/opcview.html HTTP/1.0" 200 3785 "http://www.specbench.org/gpc/opc.static/viewperf-prodre.html" "Mozilla/4.5 [it] (Win98; I)"
212.216.1.240 - - [23/Mar/1999:01:20:19 -0500] "GET /gpc/opc.static/../index.html HTTP/1.0" 200 4578 "http://www.specbench.org/gpc/opc.static/viewperf-prodre.html" "Mozilla/4.5 [it] (Win98; I)"
212.216.1.240 - - [23/Mar/1999:01:20:20 -0500] "GET /gpc/opc.data/opc_nov98/Intergraph/TDZ2000D-GX1.I3D4000/./../bin/viewperf.exe HTTP/1.0" 200 138505 "http://www.specbench.org/gpc/opc.data/opc_nov98/Intergraph/TDZ2000D-GX1.I3D4000/config.html" "Mozilla/4.5 [it] (Win98; I)"
212.216.1.240 - - [23/Mar/1999:01:20:20 -0500] "GET /gpc/image/bullet.gif HTTP/1.0" 200 906 "http://www.specbench.org/gpc/opc.static/opcview.html" "Mozilla/4.5 [it] (Win98; I)"
212.216.1.240 - - [23/Mar/1999:01:20:23 -0500] "GET /gpc/opc.static/runview.html HTTP/1.0" 200 2562 "http://www.specbench.org/gpc/opc.static/opcview.html" "Mozilla/4.5 [it] (Win98; I)"
212.216.1.240 - - [23/Mar/1999:01:20:23 -0500] "GET /gpc/opc.static/ftpview.html HTTP/1.0" 200 3999 "http://www.specbench.org/gpc/opc.static/opcview.html" "Mozilla/4.5 [it] (Win98; I)"
212.216.1.240 - - [23/Mar/1999:01:20:23 -0500] "GET /gpc/opc.static/light-01.html HTTP/1.0" 200 4579 "http://www.specbench.org/gpc/opc.static/opcview.html" "Mozilla/4.5 [it] (Win98; I)"
212.216.1.240 - - [23/Mar/1999:01:20:23 -0500] "GET /gpc/opc.static/awadvs01.html HTTP/1.0" 200 8977 "http://www.specbench.org/gpc/opc.static/opcview.html" "Mozilla/4.5 [it] (Win98; I)"
62.156.57.79 - - [23/Mar/1999:01:20:23 -0500] "GET /gpc/apc.static/apcgro%7E1.html HTTP/1.0" 200 6111 "http://www.specbench.org/gpc/" "OmniWeb/3.0-beta-8b OmniAppKit/1998G HTTPS/1.04a OmniNetworking/1998G OIF/1998G OWF/1998G OmniBase/1998G OmniFoundation/1998G OmniHTML/1998G"
212.216.1.240 - - [23/Mar/1999:01:20:25 -0500] "GET /gpc/opc.static/drv.html HTTP/1.0" 200 7804 "http://www.specbench.org/gpc/opc.static/opcview.html" "Mozilla/4.5 [it] (Win98; I)"
212.216.1.240 - - [23/Mar/1999:01:20:25 -0500] "GET dx.html HTTP/1.0" 400 262 "http://www.specbench.org/gpc/opc.static/opcview.html" "Mozilla/4.5 [it] (Win98; I)"
212.216.1.240 - - [23/Mar/1999:01:20:26 -0500] "GET /gpc/opc.static/procdrs.html HTTP/1.0" 200 4492 "http://www.specbench.org/gpc/opc.static/opcview.html" "Mozilla/4.5 [it] (Win98; I)"
212.216.1.240 - - [23/Mar/1999:01:20:26 -0500] "GET /gpc/opc.static/sample.html HTTP/1.0" 200 18315 "http://www.specbench.org/gpc/opc.static/opcview.html" "Mozilla/4.5 [it] (Win98; I)"
212.216.1.240 - - [23/Mar/1999:01:20:28 -0500] "GET /gpc/opc.static/geometric_mean.html HTTP/1.0" 200 7762 "http://www.specbench.org/gpc/opc.static/opcview.html" "Mozilla/4.5 [it] (Win98; I)"
212.216.1.240 - - [23/Mar/1999:01:20:28 -0500] "GET /gpc/opc.static/viewperf2.html HTTP/1.0" 200 5952 "http://www.specbench.org/gpc/opc.static/opcview.html" "Mozilla/4.5 [it] (Win98; I)"
212.216.1.240 - - [23/Mar/1999:01:20:29 -0500] "GET /gpc/opc.static/vp50.html HTTP/1.0" 200 23724 "http://www.specbench.org/gpc/opc.static/opcview.html" "Mozilla/4.5 [it] (Win98; I)"
212.216.1.240 - - [23/Mar/1999:01:20:30 -0500] "GET /gpc/opc.static/../opc.data/opc_nov98/summary.html HTTP/1.0" 200 37026 "http://www.specbench.org/gpc/opc.static/opcview.html" "Mozilla/4.5 [it] (Win98; I)"
17.83.166.12 - - [23/Mar/1999:01:20:31 -0500] "GET /results.html HTTP/1.0" 200 3839 "http://www.specbench.org/" "Mozilla/4.5 (Macintosh; I; PPC)"
212.216.1.240 - - [23/Mar/1999:01:20:32 -0500] "GET /gpc/opc.static/../apc.static/index.html HTTP/1.0" 200 3536 "http://www.specbench.org/gpc/opc.static/viewperf-prodre.html" "Mozilla/4.5 [it] (Win98; I)"
212.216.1.240 - - [23/Mar/1999:01:20:37 -0500] "GET /gpc/opc.static/../index.html HTTP/1.0" 200 4578 "http://www.specbench.org/gpc/opc.static/viewperf-prodre.html" "Mozilla/4.5 [it] (Win98; I)"
212.216.1.240 - - [23/Mar/1999:01:20:38 -0500] "GET /gpc/xpc.static/index.html HTTP/1.0" 200 2437 "http://www.specbench.org/gpc/" "Mozilla/4.5 [it] (Win98; I)"
212.216.1.240 - - [23/Mar/1999:01:20:40 -0500] "GET /gpc/opc.static/index.html HTTP/1.0" 200 1904 "http://www.specbench.org/gpc/" "Mozilla/4.5 [it] (Win98; I)"
212.216.1.240 - - [23/Mar/1999:01:20:41 -0500] "GET /gpc/plb.static/index.html HTTP/1.0" 200 2537 "http://www.specbench.org/gpc/" "Mozilla/4.5 [it] (Win98; I)"
212.216.1.240 - - [23/Mar/1999:01:20:45 -0500] "GET /gpc/mbc.static/index.html HTTP/1.0" 200 1370 "http://www.specbench.org/gpc/" "Mozilla/4.5 [it] (Win98; I)"
212.216.1.240 - - [23/Mar/1999:01:20:45 -0500] "GET /gpc/apc.static/index.html HTTP/1.0" 200 3536 "http://www.specbench.org/gpc/" "Mozilla/4.5 [it] (Win98; I)"
212.216.1.240 - - [23/Mar/1999:01:20:48 -0500] "GET /gpc/opc.data/opc_nov98/ HTTP/1.0" 200 5059 "http://www.specbench.org/gpc/opc.data/" "Mozilla/4.5 [it] (Win98; I)"
212.216.1.240 - - [23/Mar/1999:01:20:48 -0500] "GET /gpc/opc.data/glperf_publish/ HTTP/1.0" 200 313 "http://www.specbench.org/gpc/opc.data/" "Mozilla/4.5 [it] (Win98; I)"
212.216.1.240 - - [23/Mar/1999:01:20:48 -0500] "GET ?D=A HTTP/1.0" 200 7724 "http://www.specbench.org/gpc/opc.data/" "Mozilla/4.5 [it] (Win98; I)"
62.156.57.79 - - [23/Mar/1999:01:20:51 -0500] "GET /contents.html HTTP/1.0" 200 4966 "http://www.specbench.org/" "OmniWeb/3.0-beta-8b OmniAppKit/1998G HTTPS/1.04a OmniNetworking/1998G OIF/1998G OWF/1998G OmniBase/1998G OmniFoundation/1998G OmniHTML/1998G"
212.216.1.240 - - [23/Mar/1999:01:21:04 -0500] "GET /gpc/plb.static/index.html HTTP/1.0" 304 - "http://www.specbench.org/gpc/" "Mozilla/4.5 [it] (Win98; I)"
17.83.166.12 - - [23/Mar/1999:01:21:06 -0500] "GET /osg/cpu95/results/ HTTP/1.0" 200 3114 "http://www.specbench.org/results.html" "Mozilla/4.5 (Macintosh; I; PPC)"
202.102.65.229 - - [23/Mar/1999:01:21:06 -0500] "GET /osg/web96/results/res98q4/ HTTP/1.0" 200 12487 "http://www.specbench.org/osg/web96/results/" "Mozilla/4.0 (compatible; MSIE 4.01; Windows NT)"
212.216.1.240 - - [23/Mar/1999:01:21:07 -0500] "GET /gpc/plb.static/../xpc.static/index.html HTTP/1.0" 200 2437 "http://www.specbench.org/gpc/plb.static/index.html" "Mozilla/4.5 [it] (Win98; I)"
212.216.1.240 - - [23/Mar/1999:01:21:07 -0500] "GET /gpc/plb.static/../opc.static/index.html HTTP/1.0" 200 1904 "http://www.specbench.org/gpc/plb.static/index.html" "Mozilla/4.5 [it] (Win98; I)"
212.216.1.240 - - [23/Mar/1999:01:21:07 -0500] "GET /gpc/plb.static/../mbc.static/index.html HTTP/1.0" 200 1370 "http://www.specbench.org/gpc/plb.static/index.html" "Mozilla/4.5 [it] (Win98; I)"
212.216.1.240 - - [23/Mar/1999:01:21:08 -0500] "GET /gpc/plb.static/../apc.static/index.html HTTP/1.0" 200 3536 "http://www.specbench.org/gpc/plb.static/index.html" "Mozilla/4.5 [it] (Win98; I)"
212.216.1.240 - - [23/Mar/1999:01:21:09 -0500] "GET /gpc/plb.static/new.html HTTP/1.0" 200 1564 "http://www.specbench.org/gpc/plb.static/index.html" "Mozilla/4.5 [it] (Win98; I)"
212.216.1.240 - - [23/Mar/1999:01:21:09 -0500] "GET /gpc/plb.static/../plb/index.html HTTP/1.0" 200 1256 "http://www.specbench.org/gpc/plb.static/index.html" "Mozilla/4.5 [it] (Win98; I)"
212.216.1.240 - - [23/Mar/1999:01:21:11 -0500] "GET /gpc/plb.static/sample.html HTTP/1.0" 200 12935 "http://www.specbench.org/gpc/plb.static/index.html" "Mozilla/4.5 [it] (Win98; I)"
212.216.1.240 - - [23/Mar/1999:01:21:11 -0500] "GET /gpc/plb.static/files.html HTTP/1.0" 200 7593 "http://www.specbench.org/gpc/plb.static/index.html" "Mozilla/4.5 [it] (Win98; I)"
212.216.1.240 - - [23/Mar/1999:01:21:11 -0500] "GET /gpc/plb.static/overview.html HTTP/1.0" 200 11035 "http://www.specbench.org/gpc/plb.static/index.html" "Mozilla/4.5 [it] (Win98; I)"
62.156.57.79 - - [23/Mar/1999:01:21:14 -0500] "GET /gpc/opc.static/index.html HTTP/1.0" 200 1904 "http://www.specbench.org/contents.html" "OmniWeb/3.0-beta-8b OmniAppKit/1998G HTTPS/1.04a OmniNetworking/1998G OIF/1998G OWF/1998G OmniBase/1998G OmniFoundation/1998G OmniHTML/1998G"
212.216.1.240 - - [23/Mar/1999:01:21:15 -0500] "GET /gpc/plb.static/bifspec.html HTTP/1.0" 200 4368 "http://www.specbench.org/gpc/plb.static/new.html" "Mozilla/4.5 [it] (Win98; I)"
62.156.57.79 - - [23/Mar/1999:01:21:16 -0500] "GET /gpc/image/bullet.gif HTTP/1.0" 200 906 "http://www.specbench.org/gpc/opc.static/index.html" "OmniWeb/3.0-beta-8b OmniAppKit/1998G HTTPS/1.04a OmniNetworking/1998G OIF/1998G OWF/1998G OmniBase/1998G OmniFoundation/1998G OmniHTML/1998G"
212.216.1.240 - - [23/Mar/1999:01:21:17 -0500] "GET /gpc/plb.static/opengl_port.html HTTP/1.0" 200 1976 "http://www.specbench.org/gpc/plb.static/new.html" "Mozilla/4.5 [it] (Win98; I)"
212.216.1.240 - - [23/Mar/1999:01:21:17 -0500] "GET /gpc/plb.static/ftpplb.html HTTP/1.0" 200 2543 "http://www.specbench.org/gpc/plb.static/index.html" "Mozilla/4.5 [it] (Win98; I)"
17.83.166.12 - - [23/Mar/1999:01:21:18 -0500] "GET /osg/cpu95/results/res99q1/ HTTP/1.0" 200 27562 "http://www.specbench.org/osg/cpu95/results/" "Mozilla/4.5 (Macintosh; I; PPC)"
212.216.1.240 - - [23/Mar/1999:01:21:19 -0500] "GET /gpc/plb.static/../index.html HTTP/1.0" 200 4578 "http://www.specbench.org/gpc/plb.static/index.html" "Mozilla/4.5 [it] (Win98; I)"
62.156.57.79 - - [23/Mar/1999:01:21:22 -0500] "GET /gpc/opc.static/opcview.html HTTP/1.0" 200 3785 "http://www.specbench.org/gpc/opc.static/index.html" "OmniWeb/3.0-beta-8b OmniAppKit/1998G HTTPS/1.04a OmniNetworking/1998G OIF/1998G OWF/1998G OmniBase/1998G OmniFoundation/1998G OmniHTML/1998G"
212.216.1.240 - - [23/Mar/1999:01:21:40 -0500] "GET /gpc/opc.data/opc_nov98/Intergraph/TDZ2000D-GX1.I3D4000/./../bin/viewperf.exe HTTP/1.0" 200 393105 "http://www.specbench.org/gpc/opc.data/opc_nov98/Intergraph/TDZ2000D-GX1.I3D4000/config.html" "Mozilla/4.5 [it] (Win98; I)"
212.216.1.240 - - [23/Mar/1999:01:21:42 -0500] "GET /gpc/opc.data/opc_nov98/Intergraph/TDZ2000D-GX1.I3D4000/./../bin/viewperf.exe HTTP/1.0" 200 0 "http://www.specbench.org/gpc/opc.data/opc_nov98/Intergraph/TDZ2000D-GX1.I3D4000/config.html" "Mozilla/4.5 [it] (Win98; I)"
62.156.57.79 - - [23/Mar/1999:01:21:48 -0500] "GET /gpc/opc.data/opc_nov98/summary.html HTTP/1.0" 200 37026 "http://www.specbench.org/gpc/opc.static/opcview.html" "OmniWeb/3.0-beta-8b OmniAppKit/1998G HTTPS/1.04a OmniNetworking/1998G OIF/1998G OWF/1998G OmniBase/1998G OmniFoundation/1998G OmniHTML/1998G"
17.83.166.12 - - [23/Mar/1999:01:21:52 -0500] "GET /osg/cpu95/results/cint95.html HTTP/1.0" 200 128400 "http://www.specbench.org/osg/cpu95/results/" "Mozilla/4.5 (Macintosh; I; PPC)"
192.127.94.7 - - [23/Mar/1999:01:22:00 -0500] "GET /spec/disclaimer.html HTTP/1.0" 200 1396 "http://www.spec.org/osg/web96/results/res98q3/" "Mozilla/4.04 [en] (Win95; I)"
192.127.94.7 - - [23/Mar/1999:01:22:35 -0500] "GET /spec/ HTTP/1.0" 200 6998 "http://www.spec.org/osg/web96/results/res98q3/" "Mozilla/4.04 [en] (Win95; I)"
192.127.94.7 - - [23/Mar/1999:01:22:39 -0500] "GET /images/slogan300.gif HTTP/1.0" 200 4114 "http://www.spec.org/spec/" "Mozilla/4.04 [en] (Win95; I)"
202.247.6.20 - - [23/Mar/1999:01:23:23 -0500] "GET /osg/cpu95/results/ HTTP/1.0" 304 - "-" "Mozilla/4.0 (compatible; MSIE 4.01; Windows 95)"
62.156.57.79 - - [23/Mar/1999:01:23:24 -0500] "GET /gpc/opc.data/opc_nov98/ELSA/GLoria_XXL/cdrs/viewperf.html HTTP/1.0" 200 10283 "http://www.specbench.org/gpc/opc.data/opc_nov98/summary.html" "OmniWeb/3.0-beta-8b OmniAppKit/1998G HTTPS/1.04a OmniNetworking/1998G OIF/1998G OWF/1998G OmniBase/1998G OmniFoundation/1998G OmniHTML/1998G"
